; This file was edited using TECkitMappingEditorU.exe v5.0.0.0 on 8/03/2023.
;   Conversion Type = Unicode_to_from_Unicode
;   Left-hand side font = Arial Unicode MS;11.25
;   Right-hand side font = SBL Hebrew;11.25
;   Main Window Position = 609,15,1116,999
;   Left-hand side Character Map Window Position = 1171,44,279,447
;   Right-hand side Character Map Window Position = 1171,484,280,447
;   Left-hand side code page = 0
;   Right-hand side code page = 0
;   Left-hand range = 0000-007F
;   Right-hand range = 0000-007F

;   Conversion Type = Unicode_to_from_Unicode
;   Left-hand side font = Arial Unicode MS;11.25
;   Right-hand side font = SBL Hebrew;11.25
; FC ... 
LHSName	"Digits"
RHSName	"HebrewDigits"

pass(Unicode)
Class[Digit]  = ('0' '1' '2' '3' '4' '5' '6' '7' '8' '9')
Class[Marks]  = (U+200F)

[Marks] / _ [Digit]  > ''
[Marks] / [Digit] _  > ''

pass(Unicode)
Class[Digit]  = ('0' '1' '2' '3' '4' '5' '6' '7' '8' '9')
; '.' / [Digit] _ [Digit]  >  hebrew_punctuation_geresh
; ':' / [Digit] _ [Digit]  >  hebrew_punctuation_geresh
'-' / [Digit] _ [Digit]  >  hebrew_punctuation_maqaf

[Digit]=D [Digit]=C [Digit]=B [Digit]=A <> 'त'@D 'ह'@C 'ट'@B 'उ'@A
          [Digit]=C [Digit]=B [Digit]=A <>      'ह'@C 'ट'@B 'उ'@A
                    [Digit]=B [Digit]=A <>           'ट'@B 'उ'@A
                              [Digit]=A <>                'उ'@A

pass(Unicode)

'ट1उ5'  <>  'טו'
'ट1उ6'  <>  'טז'

'त0'   >  ''
'त1'  <>  'א׳'
'त2'  <>  'ב׳'
'त3'  <>  'ג׳'
'त4'  <>  'ד׳'
'त5'  <>  'ה׳'
'त6'  <>  'ו׳'
'त7'  <>  'ז׳'
'त8'  <>  'ח׳'
'त9'  <>  'ט׳'

'ह0'   >  ''
'ह1'  <>  'ק'
'ह2'  <>  'ר'
'ह3'  <>  'ש'
'ह4'  <>  'ת'

; 'ह5'  <>  'ך'
'ह5'  <>  'תק'

;'ह6'  <>  'ם'
'ह6'  <>  'תר'

;'ह7'  <>  'ן'
'ह7'  <>  'תש'

;'ह8'  <>  'ף'
'ह8'  <>  'תת'

;'ह9'  <>  'ץ'
'ह9'  <>  'תתק'

'ट0'   >  ''
'ट1'  <>  'י'
'ट2'  <>  'כ'
'ट3'  <>  'ל'
'ट4'  <>  'מ'
'ट5'  <>  'נ'
'ट6'  <>  'ס'
'ट7'  <>  'ע'
'ट8'  <>  'פ'
'ट9'  <>  'צ'

'उ0'   >  ''
'उ1'  <>  'א'
'उ2'  <>  'ב'
'उ3'  <>  'ג'
'उ4'  <>  'ד'
'उ5'  <>  'ה'
'उ6'  <>  'ו'
'उ7'  <>  'ז'
'उ8'  <>  'ח'
'उ9'  <>  'ט'

pass(Unicode)
'׳' > ''
