;   Conversion Type = Unicode_to_from_Unicode
;   Left-hand side font = Arial Unicode MS;11.25
;   Right-hand side font = SBL Hebrew;11.25
; FC ... 
LHSName	"Digits"
RHSName	"HebrewDigits"

pass(Unicode)
Class[Digit]  = ('0' '1' '2' '3' '4' '5' '6' '7' '8' '9')
Class[Marks]  = (U+200F)

[Marks] / _ [Digit]  > ''
[Marks] / [Digit] _  > ''

pass(Unicode)
Class[Digit]  = ('0' '1' '2' '3' '4' '5' '6' '7' '8' '9')
'.' / [Digit] _ [Digit]  >  hebrew_punctuation_geresh
':' / [Digit] _ [Digit]  >  hebrew_punctuation_geresh
'-' / [Digit] _ [Digit]  >  hebrew_punctuation_maqaf

pass(Unicode)
'999'  <>  'ץצט'
'998'  <>  'ץצח'
'997'  <>  'ץצז'
'996'  <>  'ץצו'
'995'  <>  'ץצה'
'994'  <>  'ץצד'
'993'  <>  'ץצג'
'992'  <>  ' צב'
'991'  <>  'ץצא'
'990'  <>  'ץצ'
'989'  <>  'ץפט'
'988'  <>  'ץפח'
'987'  <>  'ץפז'
'986'  <>  'ץפו'
'985'  <>  'ץפה'
'984'  <>  'ץפד'
'983'  <>  'ץפג'
'982'  <>  'ץפב'
'981'  <>  'ץפא'
'980'  <>  'ץפ'
'979'  <>  'ץעט'
'978'  <>  'ץעח'
'977'  <>  'ץעז'
'976'  <>  'ץעו'
'975'  <>  'ץעה'
'974'  <>  'ץעד'
'973'  <>  'ץעג'
'972'  <>  'ץעב'
'971'  <>  'ץעא'
'970'  <>  'ץע'
'969'  <>  'ץסט'
'968'  <>  'ץסח'
'967'  <>  'ץסז'
'966'  <>  'ץסו'
'965'  <>  'ץסה'
'964'  <>  'ץסד'
'963'  <>  'ץסג'
'962'  <>  'ץסב'
'961'  <>  'ץסא'
'960'  <>  'ץס'
'959'  <>  'ץנט'
'958'  <>  'ץנח'
'957'  <>  'ץנז'
'956'  <>  'ץנו'
'955'  <>  'ץנה'
'954'  <>  'ץנד'
'953'  <>  'ץנג'
'952'  <>  'ץנב'
'951'  <>  'ץנא'
'950'  <>  'ץנ'
'949'  <>  'ץמט'
'948'  <>  'ץמח'
'947'  <>  'ץמז'
'946'  <>  'ץמ '
'945'  <>  'ץמה'
'944'  <>  'ץמד'
'943'  <>  'ץמג'
'942'  <>  'ץמב'
'941'  <>  'ץמא'
'940'  <>  'ץמ'
'939'  <>  'ץלט'
'938'  <>  'ץלח'
'937'  <>  'ץלז'
'936'  <>  'ץלו'
'935'  <>  'ץלה'
'934'  <>  'ץלד'
'933'  <>  'ץלג'
'932'  <>  ' לב'
'931'  <>  'ץלא'
'930'  <>  'ץל'
'929'  <>  'ץכט'
'928'  <>  'ץכח'
'927'  <>  'ץכז'
'926'  <>  'ץכו'
'925'  <>  'ץכה'
'924'  <>  'ץכד'
'923'  <>  'ץכג'
'922'  <>  'ץכב'
'921'  <>  'ץכא'
'920'  <>  'ץכ'
'919'  <>  'ץיט'
'918'  <>  'ץיח'
'917'  <>  'ץיז'
'916'  <>  'ץיו'
'915'  <>  'ץיה'
'914'  <>  'ץיד'
'913'  <>  'ץיג'
'912'  <>  'ץיב'
'911'  <>  'ץיא'
'910'  <>  'ץי'
'909'  <>  'ץט'
'908'  <>  'ץח'
'907'  <>  'ץז'
'906'  <>  'ץו'
'905'  <>  'ץה'
'904'  <>  'ץד'
'903'  <>  'ץג'
'902'  <>  'ץב'
'901'  <>  'ץא'
'900'  <>  'ץ'
'899'  <>  'ףצט'
'898'  <>  'ףצח'
'897'  <>  'ףצז'
'896'  <>  'ףצו'
'895'  <>  'ףצה'
'894'  <>  'ףצד'
'893'  <>  'ףצג'
'892'  <>  'ףצב'
'891'  <>  'ףצא'
'890'  <>  'ףצ'
'889'  <>  'ףפט'
'888'  <>  'ףפח'
'887'  <>  'ףפז'
'886'  <>  'ףפו'
'885'  <>  'ףפה'
'884'  <>  'ףפד'
'883'  <>  'ףפג'
'882'  <>  'ףפב'
'881'  <>  'ףפא'
'880'  <>  'ףפ'
'879'  <>  'ףעט'
'878'  <>  'ףעח'
'877'  <>  'ףעז'
'876'  <>  'ףעו'
'875'  <>  'ףעה'
'874'  <>  'ףעד'
'873'  <>  'ףעג'
'872'  <>  'ףעב'
'871'  <>  'ףעא'
'870'  <>  'ףע'
'869'  <>  'ףסט'
'868'  <>  'ףסח'
'867'  <>  'ףסז'
'866'  <>  'ףסו'
'865'  <>  'ףסה'
'864'  <>  'ףסד'
'863'  <>  'ףסג'
'862'  <>  'ףס '
'861'  <>  'ףסא'
'860'  <>  'ףס'
'859'  <>  'ףנט'
'858'  <>  'ףנח'
'857'  <>  'ףנז'
'856'  <>  'ףנו'
'855'  <>  'ףנה'
'854'  <>  'ףנד'
'853'  <>  'ףנג'
'852'  <>  'ףנב'
'851'  <>  'ףנא'
'850'  <>  'ףנ'
'849'  <>  'ףמט'
'848'  <>  'ף ח'
'847'  <>  'ףמז'
'846'  <>  'ףמו'
'845'  <>  'ףמה'
'844'  <>  'ףמד'
'843'  <>  'ףמג'
'842'  <>  'ףמב'
'841'  <>  'ףמא'
'840'  <>  'ףמ'
'839'  <>  'ףלט'
'838'  <>  'ףלח'
'837'  <>  'ףלז'
'836'  <>  'ףלו'
'835'  <>  'ףלה'
'834'  <>  'ףלד'
'833'  <>  'ףלג'
'832'  <>  'ףלב'
'831'  <>  'ףלא'
'830'  <>  'ףל'
'829'  <>  'ףכט'
'828'  <>  'ףכח'
'827'  <>  'ףכז'
'826'  <>  'ףכו'
'825'  <>  'ףכה'
'824'  <>  'ףכד'
'823'  <>  'ףכג'
'822'  <>  'ףכב'
'821'  <>  'ףכא'
'820'  <>  'ףכ'
'819'  <>  'ףיט'
'818'  <>  'ףיח'
'817'  <>  'ףיז'
'816'  <>  'ףיו'
'815'  <>  'ףיה'
'814'  <>  'ףיד'
'813'  <>  'ףיג'
'812'  <>  'ףיב'
'811'  <>  'ףיא'
'810'  <>  'ףי'
'809'  <>  'ףט'
'808'  <>  'ףח'
'807'  <>  'ףז'
'806'  <>  'ףו'
'805'  <>  'ףה'
'804'  <>  'ףד'
'803'  <>  'ףג'
'802'  <>  'ףב'
'801'  <>  'ףא'
'800'  <>  'ף'
'799'  <>  'ןצט'
'798'  <>  'ןצח'
'797'  <>  'ןצז'
'796'  <>  'ןצו'
'795'  <>  'ןצה'
'794'  <>  'ןצד'
'793'  <>  'ןצג'
'792'  <>  'ןצב'
'791'  <>  'ןצא'
'790'  <>  'ןצ'
'789'  <>  'ןפט'
'788'  <>  'ןפח'
'787'  <>  'ןפז'
'786'  <>  'ןפו'
'785'  <>  'ןפה'
'784'  <>  'ןפד'
'783'  <>  'ןפג'
'782'  <>  'ןפב'
'781'  <>  'ןפא'
'780'  <>  'ןפ'
'779'  <>  'ןעט'
'778'  <>  'ןעח'
'777'  <>  'ןעז'
'776'  <>  'ןעו'
'775'  <>  'ןעה'
'774'  <>  'ןעד'
'773'  <>  'ןעג'
'772'  <>  'ןעב'
'771'  <>  'ןעא'
'770'  <>  'ןע'
'769'  <>  'ןסט'
'768'  <>  'ןסח'
'767'  <>  'ןסז'
'766'  <>  'ןסו'
'765'  <>  'ןסה'
'764'  <>  'ן ד'
'763'  <>  'ןסג'
'762'  <>  'ןסב'
'761'  <>  'ןסא'
'760'  <>  'ןס'
'759'  <>  'ןנט'
'758'  <>  'ןנח'
'757'  <>  'ןנז'
'756'  <>  'ןנו'
'755'  <>  'ןנה'
'754'  <>  'ןנד'
'753'  <>  'ןנג'
'752'  <>  'ןנב'
'751'  <>  'ןנא'
'750'  <>  'ןנ'
'749'  <>  'ןמט'
'748'  <>  'ןמח'
'747'  <>  'ןמז'
'746'  <>  'ןמו'
'745'  <>  'ןמה'
'744'  <>  'ןמד'
'743'  <>  'ןמג'
'742'  <>  'ןמב'
'741'  <>  'ןמא'
'740'  <>  'ןמ'
'739'  <>  'ןלט'
'738'  <>  'ןלח'
'737'  <>  'ןלז'
'736'  <>  'ןלו'
'735'  <>  'ןלה'
'734'  <>  'ןלד'
'733'  <>  'ןלג'
'732'  <>  'ןלב'
'731'  <>  'ןלא'
'730'  <>  'ןל'
'729'  <>  'ןכט'
'728'  <>  'ןכח'
'727'  <>  'ןכז'
'726'  <>  'ןכו'
'725'  <>  'ןכה'
'724'  <>  'ןכד'
'723'  <>  'ןכג'
'722'  <>  'ןכב'
'721'  <>  'ןכא'
'720'  <>  'ןכ'
'719'  <>  'ןיט'
'718'  <>  'ןיח'
'717'  <>  'ןיז'
'716'  <>  'ןיו'
'715'  <>  'ןיה'
'714'  <>  'ןיד'
'713'  <>  'ןיג'
'712'  <>  'ןיב'
'711'  <>  'ןיא'
'710'  <>  'ןי'
'709'  <>  'ןט'
'708'  <>  'ןח'
'707'  <>  'ןז'
'706'  <>  'ןו'
'705'  <>  'ןה'
'704'  <>  'ןד'
'703'  <>  'ןג'
'702'  <>  'ןב'
'701'  <>  'ןא'
'700'  <>  'ן'
'699'  <>  'םצט'
'698'  <>  'םצח'
'697'  <>  'םצז'
'696'  <>  'םצו'
'695'  <>  'םצה'
'694'  <>  'םצד'
'693'  <>  'םצג'
'692'  <>  'םצב'
'691'  <>  'םצא'
'690'  <>  'םצ'
'689'  <>  'םפט'
'688'  <>  'םפח'
'687'  <>  'םפז'
'686'  <>  'םפו'
'685'  <>  'םפה'
'684'  <>  'םפד'
'683'  <>  'םפג'
'682'  <>  'םפב'
'681'  <>  'םפא'
'680'  <>  'ם '
'679'  <>  'םעט'
'678'  <>  'םעח'
'677'  <>  'םעז'
'676'  <>  'םעו'
'675'  <>  'םעה'
'674'  <>  'םעד'
'673'  <>  'םעג'
'672'  <>  'םעב'
'671'  <>  'םעא'
'670'  <>  'םע'
'669'  <>  'םסט'
'668'  <>  'םסח'
'667'  <>  'םסז'
'666'  <>  ' סו'
'665'  <>  'םסה'
'664'  <>  'םסד'
'663'  <>  'םסג'
'662'  <>  'םסב'
'661'  <>  'םסא'
'660'  <>  'םס'
'659'  <>  'םנט'
'658'  <>  'םנח'
'657'  <>  'םנז'
'656'  <>  'םנו'
'655'  <>  'םנה'
'654'  <>  'םנד'
'653'  <>  'םנג'
'652'  <>  'םנב'
'651'  <>  'םנא'
'650'  <>  'םנ'
'649'  <>  'םמט'
'648'  <>  'םמח'
'647'  <>  'םמז'
'646'  <>  'םמו'
'645'  <>  'םמה'
'644'  <>  'םמד'
'643'  <>  'םמג'
'642'  <>  'םמב'
'641'  <>  'םמא'
'640'  <>  'םמ'
'639'  <>  'םלט'
'638'  <>  'םלח'
'637'  <>  'םלז'
'636'  <>  'םלו'
'635'  <>  'םלה'
'634'  <>  'םלד'
'633'  <>  'םלג'
'632'  <>  'םלב'
'631'  <>  'םלא'
'630'  <>  'םל'
'629'  <>  'םכט'
'628'  <>  'םכח'
'627'  <>  'םכז'
'626'  <>  'םכו'
'625'  <>  'םכה'
'624'  <>  'םכד'
'623'  <>  'םכג'
'622'  <>  'םכב'
'621'  <>  'םכא'
'620'  <>  'ם '
'619'  <>  'םיט'
'618'  <>  'םיח'
'617'  <>  'םיז'
'616'  <>  'םיו'
'615'  <>  'םיה'
'614'  <>  'םיד'
'613'  <>  'םיג'
'612'  <>  'םיב'
'611'  <>  'םיא'
'610'  <>  'םי'
'609'  <>  'םט'
'608'  <>  'םח'
'607'  <>  'םז'
'606'  <>  'םו'
'605'  <>  'םה'
'604'  <>  'םד'
'603'  <>  'םג'
'602'  <>  'םב'
'601'  <>  'םא'
'600'  <>  'ם'
'599'  <>  'ךצט'
'598'  <>  'ךצח'
'597'  <>  'ךצז'
'596'  <>  'ךצ '
'595'  <>  'ךצה'
'594'  <>  'ךצד'
'593'  <>  'ךצג'
'592'  <>  'ךצב'
'591'  <>  'ךצא'
'590'  <>  'ךצ'
'589'  <>  'ךפט'
'588'  <>  'ךפח'
'587'  <>  'ךפז'
'586'  <>  'ךפו'
'585'  <>  'ךפה'
'584'  <>  'ךפד'
'583'  <>  'ךפג'
'582'  <>  ' פב'
'581'  <>  'ךפא'
'580'  <>  'ךפ'
'579'  <>  'ךעט'
'578'  <>  'ךעח'
'577'  <>  'ךעז'
'576'  <>  'ךעו'
'575'  <>  'ךעה'
'574'  <>  'ךעד'
'573'  <>  'ךעג'
'572'  <>  'ךעב'
'571'  <>  'ךעא'
'570'  <>  'ךע'
'569'  <>  'ךסט'
'568'  <>  'ךסח'
'567'  <>  'ךסז'
'566'  <>  'ךסו'
'565'  <>  'ךסה'
'564'  <>  'ךסד'
'563'  <>  'ךסג'
'562'  <>  'ךסב'
'561'  <>  'ךסא'
'560'  <>  'ךס'
'559'  <>  'ךנט'
'558'  <>  'ךנח'
'557'  <>  'ךנז'
'556'  <>  'ךנו'
'555'  <>  'ךנה'
'554'  <>  'ךנד'
'553'  <>  'ךנג'
'552'  <>  'ךנב'
'551'  <>  'ךנא'
'550'  <>  'ךנ'
'549'  <>  'ךמט'
'548'  <>  'ךמח'
'547'  <>  'ךמז'
'546'  <>  'ךמו'
'545'  <>  'ךמה'
'544'  <>  'ךמד'
'543'  <>  'ךמג'
'542'  <>  'ךמב'
'541'  <>  'ךמא'
'540'  <>  'ךמ'
'539'  <>  'ךלט'
'538'  <>  'ךלח'
'537'  <>  'ךלז'
'536'  <>  'ךלו'
'535'  <>  'ךלה'
'534'  <>  'ךלד'
'533'  <>  'ךלג'
'532'  <>  'ךלב'
'531'  <>  'ךלא'
'530'  <>  'ךל'
'529'  <>  'ךכט'
'528'  <>  'ךכח'
'527'  <>  'ךכז'
'526'  <>  'ךכו'
'525'  <>  'ךכה'
'524'  <>  'ךכד'
'523'  <>  'ךכג'
'522'  <>  ' כב'
'521'  <>  'ךכא'
'520'  <>  'ךכ'
'519'  <>  'ךיט'
'518'  <>  'ךיח'
'517'  <>  'ךיז'
'516'  <>  'ךיו'
'515'  <>  'ךיה'
'514'  <>  'ךיד'
'513'  <>  'ךיג'
'512'  <>  'ךיב'
'511'  <>  'ךיא'
'510'  <>  'ךי'
'509'  <>  'ךט'
'508'  <>  'ךח'
'507'  <>  'ךז'
'506'  <>  'ךו'
'505'  <>  'ךה'
'504'  <>  'ךד'
'503'  <>  'ךג'
'502'  <>  'ךב'
'501'  <>  'ךא'
'500'  <>  'ך'
'499'  <>  'תצט'
'498'  <>  'תצח'
'497'  <>  'תצז'
'496'  <>  'תצו'
'495'  <>  'תצה'
'494'  <>  'תצד'
'493'  <>  'תצג'
'492'  <>  'תצב'
'491'  <>  'תצא'
'490'  <>  'תצ'
'489'  <>  'תפט'
'488'  <>  'תפח'
'487'  <>  'תפז'
'486'  <>  'תפו'
'485'  <>  'תפה'
'484'  <>  'תפד'
'483'  <>  'תפג'
'482'  <>  'תפב'
'481'  <>  'תפא'
'480'  <>  'תפ'
'479'  <>  'תעט'
'478'  <>  'תעח'
'477'  <>  'תעז'
'476'  <>  'תעו'
'475'  <>  'תעה'
'474'  <>  'תעד'
'473'  <>  'תעג'
'472'  <>  'תעב'
'471'  <>  'תעא'
'470'  <>  'תע'
'469'  <>  'תסט'
'468'  <>  'תסח'
'467'  <>  'תסז'
'466'  <>  'תסו'
'465'  <>  'תסה'
'464'  <>  'תסד'
'463'  <>  'תסג'
'462'  <>  'תסב'
'461'  <>  'תסא'
'460'  <>  'תס'
'459'  <>  'תנט'
'458'  <>  'תנח'
'457'  <>  'תנז'
'456'  <>  'תנו'
'455'  <>  'תנה'
'454'  <>  'תנד'
'453'  <>  'תנג'
'452'  <>  'תנ '
'451'  <>  'תנא'
'450'  <>  'תנ'
'449'  <>  'תמט'
'448'  <>  'תמח'
'447'  <>  'תמז'
'446'  <>  'תמו'
'445'  <>  'תמה'
'444'  <>  'תמד'
'443'  <>  'תמג'
'442'  <>  'תמב'
'441'  <>  'תמא'
'440'  <>  'תמ'
'439'  <>  'תלט'
'438'  <>  'ת ח'
'437'  <>  'תלז'
'436'  <>  'תלו'
'435'  <>  'תלה'
'434'  <>  'תלד'
'433'  <>  'תלג'
'432'  <>  'תלב'
'431'  <>  'תלא'
'430'  <>  'תל'
'429'  <>  'תכט'
'428'  <>  'תכח'
'427'  <>  'תכז'
'426'  <>  'תכו'
'425'  <>  'תכה'
'424'  <>  'תכד'
'423'  <>  'תכג'
'422'  <>  'תכב'
'421'  <>  'תכא'
'420'  <>  'תכ'
'419'  <>  'תיט'
'418'  <>  'תיח'
'417'  <>  'תיז'
'416'  <>  'תיו'
'415'  <>  'תיה'
'414'  <>  'תיד'
'413'  <>  'תיג'
'412'  <>  'תיב'
'411'  <>  'תיא'
'410'  <>  'תי'
'409'  <>  'תט'
'408'  <>  'תח'
'407'  <>  'תז'
'406'  <>  'תו'
'405'  <>  'תה'
'404'  <>  'תד'
'403'  <>  'תג'
'402'  <>  'תב'
'401'  <>  'תא'
'400'  <>  'ת'
'399'  <>  'שצט'
'398'  <>  'שצח'
'397'  <>  'שצז'
'396'  <>  'שצו'
'395'  <>  'שצה'
'394'  <>  'שצד'
'393'  <>  'שצג'
'392'  <>  'שצב'
'391'  <>  'שצא'
'390'  <>  'שצ'
'389'  <>  'שפט'
'388'  <>  'שפח'
'387'  <>  'שפז'
'386'  <>  'שפו'
'385'  <>  'שפה'
'384'  <>  'שפד'
'383'  <>  'שפג'
'382'  <>  'שפב'
'381'  <>  'שפא'
'380'  <>  'שפ'
'379'  <>  'שעט'
'378'  <>  'שעח'
'377'  <>  'שעז'
'376'  <>  'שעו'
'375'  <>  'שעה'
'374'  <>  'שעד'
'373'  <>  'שעג'
'372'  <>  'שעב'
'371'  <>  'שעא'
'370'  <>  'שע'
'369'  <>  'שסט'
'368'  <>  'שסח'
'367'  <>  'שסז'
'366'  <>  'שסו'
'365'  <>  'שסה'
'364'  <>  'שסד'
'363'  <>  'שסג'
'362'  <>  'שסב'
'361'  <>  'שסא'
'360'  <>  'שס'
'359'  <>  'שנט'
'358'  <>  'שנח'
'357'  <>  'שנז'
'356'  <>  'שנו'
'355'  <>  'שנה'
'354'  <>  'ש ד'
'353'  <>  'שנג'
'352'  <>  'שנב'
'351'  <>  'שנא'
'350'  <>  'שנ'
'349'  <>  'שמט'
'348'  <>  'שמח'
'347'  <>  'שמז'
'346'  <>  'שמו'
'345'  <>  'שמה'
'344'  <>  'שמד'
'343'  <>  'שמג'
'342'  <>  'שמב'
'341'  <>  'שמא'
'340'  <>  'שמ'
'339'  <>  'שלט'
'338'  <>  'שלח'
'337'  <>  'שלז'
'336'  <>  'שלו'
'335'  <>  'שלה'
'334'  <>  'שלד'
'333'  <>  'שלג'
'332'  <>  'שלב'
'331'  <>  'שלא'
'330'  <>  'של'
'329'  <>  'שכט'
'328'  <>  'שכח'
'327'  <>  'שכז'
'326'  <>  'שכו'
'325'  <>  'שכה'
'324'  <>  'שכד'
'323'  <>  'שכג'
'322'  <>  'שכב'
'321'  <>  'שכא'
'320'  <>  'שכ'
'319'  <>  'שיט'
'318'  <>  'שיח'
'317'  <>  'שיז'
'316'  <>  'שיו'
'315'  <>  'שיה'
'314'  <>  'שיד'
'313'  <>  'שיג'
'312'  <>  'שיב'
'311'  <>  'שיא'
'310'  <>  'שי'
'309'  <>  'שט'
'308'  <>  'שח'
'307'  <>  'שז'
'306'  <>  'שו'
'305'  <>  'שה'
'304'  <>  'שד'
'303'  <>  'שג'
'302'  <>  'שב'
'301'  <>  'שא'
'300'  <>  'ש'
'299'  <>  'רצט'
'298'  <>  'רצח'
'297'  <>  'רצז'
'296'  <>  'רצו'
'295'  <>  'רצה'
'294'  <>  'רצד'
'293'  <>  'רצג'
'292'  <>  'רצב'
'291'  <>  'רצא'
'290'  <>  'רצ'
'289'  <>  'רפט'
'288'  <>  'רפח'
'287'  <>  'רפז'
'286'  <>  'רפו'
'285'  <>  'רפה'
'284'  <>  'רפד'
'283'  <>  'רפג'
'282'  <>  'רפב'
'281'  <>  'רפא'
'280'  <>  'רפ'
'279'  <>  'רעט'
'278'  <>  'רעח'
'277'  <>  'רעז'
'276'  <>  'רעו'
'275'  <>  'רעה'
'274'  <>  'רעד'
'273'  <>  'רעג'
'272'  <>  'רעב'
'271'  <>  'רעא'
'270'  <>  'ר '
'269'  <>  'רסט'
'268'  <>  'רסח'
'267'  <>  'רסז'
'266'  <>  'רסו'
'265'  <>  'רסה'
'264'  <>  'רסד'
'263'  <>  'רסג'
'262'  <>  'רסב'
'261'  <>  'רסא'
'260'  <>  'רס'
'259'  <>  'רנט'
'258'  <>  'רנח'
'257'  <>  'רנז'
'256'  <>  ' נו'
'255'  <>  'רנה'
'254'  <>  'רנד'
'253'  <>  'רנג'
'252'  <>  'רנב'
'251'  <>  'רנא'
'250'  <>  'רנ'
'249'  <>  'רמט'
'248'  <>  'רמח'
'247'  <>  'רמז'
'246'  <>  'רמו'
'245'  <>  'רמה'
'244'  <>  'רמד'
'243'  <>  'רמג'
'242'  <>  'רמב'
'241'  <>  'רמא'
'240'  <>  'רמ'
'239'  <>  'רלט'
'238'  <>  'רלח'
'237'  <>  'רלז'
'236'  <>  'רלו'
'235'  <>  'רלה'
'234'  <>  'רלד'
'233'  <>  'רלג'
'232'  <>  'רלב'
'231'  <>  'רלא'
'230'  <>  'רל'
'229'  <>  'רכט'
'228'  <>  'רכח'
'227'  <>  'רכז'
'226'  <>  'רכו'
'225'  <>  'רכה'
'224'  <>  'רכד'
'223'  <>  'רכג'
'222'  <>  'רכב'
'221'  <>  'רכא'
'220'  <>  'רכ'
'219'  <>  'ריט'
'218'  <>  'ריח'
'217'  <>  'ריז'
'216'  <>  'ריו'
'215'  <>  'ריה'
'214'  <>  'ריד'
'213'  <>  'ריג'
'212'  <>  'ריב'
'211'  <>  'ריא'
'210'  <>  'ר '
'209'  <>  'רט'
'208'  <>  'רח'
'207'  <>  'רז'
'206'  <>  'רו'
'205'  <>  'רה'
'204'  <>  'רד'
'203'  <>  'רג'
'202'  <>  'רב'
'201'  <>  'רא'
'200'  <>  'ר'
'199'  <>  'קצט'
'198'  <>  'קצח'
'197'  <>  'קצז'
'196'  <>  'קצו'
'195'  <>  'קצה'
'194'  <>  'קצד'
'193'  <>  'קצג'
'192'  <>  'קצב'
'191'  <>  'קצא'
'190'  <>  'קצ'
'189'  <>  'קפט'
'188'  <>  'קפח'
'187'  <>  'קפז'
'186'  <>  'קפ '
'185'  <>  'קפה'
'184'  <>  'קפד'
'183'  <>  'קפג'
'182'  <>  'קפב'
'181'  <>  'קפא'
'180'  <>  'קפ'
'179'  <>  'קעט'
'178'  <>  'קעח'
'177'  <>  'קעז'
'176'  <>  'קעו'
'175'  <>  'קעה'
'174'  <>  'קעד'
'173'  <>  'קעג'
'172'  <>  'קעב'
'171'  <>  'קעא'
'170'  <>  'קע'
'169'  <>  'קסט'
'168'  <>  'קסח'
'167'  <>  'קסז'
'166'  <>  'קסו'
'165'  <>  'קסה'
'164'  <>  'קסד'
'163'  <>  'קסג'
'162'  <>  'קסב'
'161'  <>  'קסא'
'160'  <>  'קס'
'159'  <>  'קנט'
'158'  <>  'קנח'
'157'  <>  'קנז'
'156'  <>  'קנו'
'155'  <>  'קנה'
'154'  <>  'קנד'
'153'  <>  'קנג'
'152'  <>  'קנב'
'151'  <>  'קנא'
'150'  <>  'קנ'
'149'  <>  'קמט'
'148'  <>  'קמח'
'147'  <>  'קמז'
'146'  <>  'קמו'
'145'  <>  'קמה'
'144'  <>  'קמד'
'143'  <>  'קמג'
'142'  <>  'קמב'
'141'  <>  'קמא'
'140'  <>  'קמ'
'139'  <>  'קלט'
'138'  <>  'קלח'
'137'  <>  'קלז'
'136'  <>  'קלו'
'135'  <>  'קלה'
'134'  <>  'קלד'
'133'  <>  'קלג'
'132'  <>  'קלב'
'131'  <>  'קלא'
'130'  <>  'קל'
'129'  <>  'קכט'
'128'  <>  'קכח'
'127'  <>  'קכז'
'126'  <>  'קכ '
'125'  <>  'קכה'
'124'  <>  'קכד'
'123'  <>  'קכג'
'122'  <>  'קכב'
'121'  <>  'קכא'
'120'  <>  'קכ'
'119'  <>  'קיט'
'118'  <>  'קיח'
'117'  <>  'קיז'
'116'  <>  'קיו'
'115'  <>  'קיה'
'114'  <>  'קיד'
'113'  <>  'קיג'
'112'  <>  ' יב'
'111'  <>  'קיא'
'110'  <>  'קי'
'109'  <>  'קט'
'108'  <>  'קח'
'107'  <>  'קז'
'106'  <>  'קו'
'105'  <>  'קה'
'104'  <>  'קד'
'103'  <>  'קג'
'102'  <>  'קב'
'101'  <>  'קא'
'100'  <>  'ק'
'99'  <>  'צט'
'98'  <>  'צח'
'97'  <>  'צז'
'96'  <>  'צו'
'95'  <>  'צה'
'94'  <>  'צד'
'93'  <>  'צג'
'92'  <>  'צב'
'91'  <>  'צא'
'90'  <>  'צ'
'89'  <>  'פט'
'88'  <>  'פח'
'87'  <>  'פז'
'86'  <>  ' ו'
'85'  <>  'פה'
'84'  <>  'פד'
'83'  <>  'פג'
'82'  <>  'פב'
'81'  <>  'פא'
'80'  <>  'פ'
'79'  <>  'עט'
'78'  <>  'עח'
'77'  <>  'עז'
'76'  <>  'עו'
'75'  <>  'עה'
'74'  <>  'עד'
'73'  <>  'עג'
'72'  <>  'עב'
'71'  <>  'עא'
'70'  <>  'ע'
'69'  <>  'סט'
'68'  <>  'סח'
'67'  <>  'סז'
'66'  <>  'סו'
'65'  <>  'סה'
'64'  <>  'סד'
'63'  <>  'סג'
'62'  <>  'סב'
'61'  <>  'סא'
'60'  <>  'ס'
'59'  <>  ' ט'
'58'  <>  'נח'
'57'  <>  'נז'
'56'  <>  'נו'
'55'  <>  'נה'
'54'  <>  'נד'
'53'  <>  'נג'
'52'  <>  'נב'
'51'  <>  'נא'
'50'  <>  'נ'
'49'  <>  'מט'
'48'  <>  'מח'
'47'  <>  'מז'
'46'  <>  'מו'
'45'  <>  'מה'
'44'  <>  'מד'
'43'  <>  'מ '
'42'  <>  'מב'
'41'  <>  'מא'
'40'  <>  'מ'
'39'  <>  'לט'
'38'  <>  'לח'
'37'  <>  'לז'
'36'  <>  'לו'
'35'  <>  'לה'
'34'  <>  'לד'
'33'  <>  'לג'
'32'  <>  ' ב'
'31'  <>  'לא'
'30'  <>  'ל'
'29'  <>  'כט'
'28'  <>  'כח'
'27'  <>  'כז'
'26'  <>  'כו'
'25'  <>  'כה'
'24'  <>  'כד'
'23'  <>  'כג'
'22'  <>  'כב'
'21'  <>  'כא'
'20'  <>  'כ'
'19'  <>  'יט'
'18'  <>  'יח'
'17'  <>  'יז'
;'16'  <>  'יו'
'16'  <>  'ט״ז'
;'15'  <>  'יה'
'15'  <>  'ט״ו'
'14'  <>  'יד'
'13'  <>  'יג'
'12'  <>  'יב'
'11'  <>  'יא'
'10'  <>  'י'
'9'  <>  'ט'
'8'  <>  'ח'
'7'  <>  'ז'
'6'  <>  'ו'
'5'  <>  'ה'
'4'  <>  'ד'
'3'  <>  'ג'
'2'  <>  'ב'
'1'  <>  'א'
