%
% This is a copy of
% (1) ptex-kozuka.map
% (2) uptex-kozuka.map
% (3) otf-kozuka.map
% (4) otf-up-kozuka.map
% (5) otf-cktx.map
% by Norbert Preining and H. Kitagawa,
% which are in TeX Live
%
% ptex-kozuka.map
rml	H	KozMinPro-Regular.otf
rmlv	V	KozMinPro-Regular.otf
gbm	H	KozGoPro-Medium.otf
gbmv	V	KozGoPro-Medium.otf
%
% uptex-kozuka.map
urml	UniJIS-UTF16-H	KozMinPro-Regular.otf
urmlv	UniJIS-UTF16-V	KozMinPro-Regular.otf
ugbm	UniJIS-UTF16-H	KozGoPro-Medium.otf
ugbmv	UniJIS-UTF16-V	KozGoPro-Medium.otf
uprml-h	UniJIS-UTF16-H	KozMinPro-Regular.otf
uprml-v	UniJIS-UTF16-V	KozMinPro-Regular.otf
upgbm-h	UniJIS-UTF16-H	KozGoPro-Medium.otf
upgbm-v	UniJIS-UTF16-V	KozGoPro-Medium.otf
uprml-hq	UniJIS-UCS2-H	KozMinPro-Regular.otf
upgbm-hq	UniJIS-UCS2-H	KozGoPro-Medium.otf
%
% otf-kozuka.map
% TEXT, 90JIS
hminl-h	H	KozMinPro-Light.otf
hminl-v	V	KozMinPro-Light.otf
hminr-h	H	KozMinPro-Regular.otf
hminr-v	V	KozMinPro-Regular.otf
hminb-h	H	KozMinPro-Bold.otf
hminb-v	V	KozMinPro-Bold.otf
hgothr-h	H	KozGoPro-Regular.otf
hgothr-v	V	KozGoPro-Regular.otf
hgothb-h	H	KozGoPro-Bold.otf
hgothb-v	V	KozGoPro-Bold.otf
hgotheb-h	H	KozGoPro-Heavy.otf
hgotheb-v	V	KozGoPro-Heavy.otf
hmgothr-h	H	KozGoPro-Heavy.otf
hmgothr-v	V	KozGoPro-Heavy.otf

% TEXT, JIS04
hminln-h	H	KozMinPro-Light.otf
hminln-v	V	KozMinPro-Light.otf
hminrn-h	H	KozMinPro-Regular.otf
hminrn-v	V	KozMinPro-Regular.otf
hminbn-h	H	KozMinPro-Bold.otf
hminbn-v	V	KozMinPro-Bold.otf
hgothrn-h	H	KozGoPro-Regular.otf
hgothrn-v	V	KozGoPro-Regular.otf
hgothbn-h	H	KozGoPro-Bold.otf
hgothbn-v	V	KozGoPro-Bold.otf
hgothebn-h	H	KozGoPro-Heavy.otf
hgothebn-v	V	KozGoPro-Heavy.otf
hmgothrn-h	H	KozGoPro-Heavy.otf
hmgothrn-v	V	KozGoPro-Heavy.otf

% CID
otf-cjml-h	Identity-H	KozMinPro-Light.otf
otf-cjml-v	Identity-V	KozMinPro-Light.otf
otf-cjmr-h	Identity-H	KozMinPro-Regular.otf
otf-cjmr-v	Identity-V	KozMinPro-Regular.otf
otf-cjmb-h	Identity-H	KozMinPro-Bold.otf
otf-cjmb-v	Identity-V	KozMinPro-Bold.otf
otf-cjgr-h	Identity-H	KozGoPro-Regular.otf
otf-cjgr-v	Identity-V	KozGoPro-Regular.otf
otf-cjgb-h	Identity-H	KozGoPro-Bold.otf
otf-cjgb-v	Identity-V	KozGoPro-Bold.otf
otf-cjge-h	Identity-H	KozGoPro-Heavy.otf
otf-cjge-v	Identity-V	KozGoPro-Heavy.otf
otf-cjmgr-h	Identity-H	KozGoPro-Heavy.otf
otf-cjmgr-v	Identity-V	KozGoPro-Heavy.otf

% Unicode 90JIS
otf-ujml-h	UniJIS-UTF16-H	KozMinPro-Light.otf
otf-ujml-v	UniJIS-UTF16-V	KozMinPro-Light.otf
otf-ujmr-h	UniJIS-UTF16-H	KozMinPro-Regular.otf
otf-ujmr-v	UniJIS-UTF16-V	KozMinPro-Regular.otf
otf-ujmb-h	UniJIS-UTF16-H	KozMinPro-Bold.otf
otf-ujmb-v	UniJIS-UTF16-V	KozMinPro-Bold.otf
otf-ujgr-h	UniJIS-UTF16-H	KozGoPro-Regular.otf
otf-ujgr-v	UniJIS-UTF16-V	KozGoPro-Regular.otf
otf-ujgb-h	UniJIS-UTF16-H	KozGoPro-Bold.otf
otf-ujgb-v	UniJIS-UTF16-V	KozGoPro-Bold.otf
otf-ujge-h	UniJIS-UTF16-H	KozGoPro-Heavy.otf
otf-ujge-v	UniJIS-UTF16-V	KozGoPro-Heavy.otf
otf-ujmgr-h	UniJIS-UTF16-H	KozGoPro-Heavy.otf
otf-ujmgr-v	UniJIS-UTF16-V	KozGoPro-Heavy.otf

% Unicode JIS04
otf-ujmln-h	UniJIS2004-UTF16-H	KozMinPro-Light.otf
otf-ujmln-v	UniJIS2004-UTF16-V	KozMinPro-Light.otf
otf-ujmrn-h	UniJIS2004-UTF16-H	KozMinPro-Regular.otf
otf-ujmrn-v	UniJIS2004-UTF16-V	KozMinPro-Regular.otf
otf-ujmbn-h	UniJIS2004-UTF16-H	KozMinPro-Bold.otf
otf-ujmbn-v	UniJIS2004-UTF16-V	KozMinPro-Bold.otf
otf-ujgrn-h	UniJIS2004-UTF16-H	KozGoPro-Regular.otf
otf-ujgrn-v	UniJIS2004-UTF16-V	KozGoPro-Regular.otf
otf-ujgbn-h	UniJIS2004-UTF16-H	KozGoPro-Bold.otf
otf-ujgbn-v	UniJIS2004-UTF16-V	KozGoPro-Bold.otf
otf-ujgen-h	UniJIS2004-UTF16-H	KozGoPro-Heavy.otf
otf-ujgen-v	UniJIS2004-UTF16-V	KozGoPro-Heavy.otf
otf-ujmgrn-h	UniJIS2004-UTF16-H	KozGoPro-Heavy.otf
otf-ujmgrn-v	UniJIS2004-UTF16-V	KozGoPro-Heavy.otf
%
% otf-up-kozuka.map
% TEXT, 90JIS
uphminl-h	UniJIS-UTF16-H	KozMinPro-Light.otf
uphminl-v	UniJIS-UTF16-V	KozMinPro-Light.otf
uphminr-h	UniJIS-UTF16-H	KozMinPro-Regular.otf
uphminr-v	UniJIS-UTF16-V	KozMinPro-Regular.otf
uphminb-h	UniJIS-UTF16-H	KozMinPro-Bold.otf
uphminb-v	UniJIS-UTF16-V	KozMinPro-Bold.otf
uphgothr-h	UniJIS-UTF16-H	KozGoPro-Regular.otf
uphgothr-v	UniJIS-UTF16-V	KozGoPro-Regular.otf
uphgothb-h	UniJIS-UTF16-H	KozGoPro-Bold.otf
uphgothb-v	UniJIS-UTF16-V	KozGoPro-Bold.otf
uphgotheb-h	UniJIS-UTF16-H	KozGoPro-Heavy.otf
uphgotheb-v	UniJIS-UTF16-V	KozGoPro-Heavy.otf
uphmgothr-h	UniJIS-UTF16-H	KozGoPro-Heavy.otf
uphmgothr-v	UniJIS-UTF16-V	KozGoPro-Heavy.otf
% JISX 0213:2004
uphminln-h      UniJIS2004-UTF16-H KozMinPro-Light.otf
uphminln-v      UniJIS2004-UTF16-V KozMinPro-Light.otf
uphminrn-h      UniJIS2004-UTF16-H KozMinPro-Regular.otf
uphminrn-v      UniJIS2004-UTF16-V KozMinPro-Regular.otf
uphminbn-h      UniJIS2004-UTF16-H KozMinPro-Bold.otf
uphminbn-v      UniJIS2004-UTF16-V KozMinPro-Bold.otf
uphgothrn-h     UniJIS2004-UTF16-H KozGoPro-Regular.otf
uphgothrn-v     UniJIS2004-UTF16-V KozGoPro-Regular.otf
uphgothbn-h     UniJIS2004-UTF16-H KozGoPro-Bold.otf
uphgothbn-v     UniJIS2004-UTF16-V KozGoPro-Bold.otf
uphgothebn-h    UniJIS2004-UTF16-H KozGoPro-Heavy.otf
uphgothebn-v    UniJIS2004-UTF16-V KozGoPro-Heavy.otf
uphmgothrn-h    UniJIS2004-UTF16-H KozGoPro-Heavy.otf
uphmgothrn-v    UniJIS2004-UTF16-V KozGoPro-Heavy.otf
%
% otf cktx
%
otf-utmr-h  UniCNS-UCS2-H  AdobeMingStd-Light.otf
otf-utmr-v  UniCNS-UCS2-V  AdobeMingStd-Light.otf
otf-utgr-h  UniCNS-UCS2-H  AdobeFanHeitiStd-Bold.otf
otf-utgr-v  UniCNS-UCS2-V  AdobeFanHeitiStd-Bold.otf
otf-ucmr-h  UniGB-UCS2-H   AdobeSongStd-Light.otf
otf-ucmr-v  UniGB-UCS2-V   AdobeSongStd-Light.otf
otf-ucgr-h  UniGB-UCS2-H   AdobeHeitiStd-Regular.otf
otf-ucgr-v  UniGB-UCS2-V   AdobeHeitiStd-Regular.otf
otf-ukmr-h  UniKS-UCS2-H   AdobeMyungjoStd-Medium.otf
otf-ukmr-v  UniKS-UCS2-V   AdobeMyungjoStd-Medium.otf
otf-ukgr-h  UniKS-UCS2-H   AdobeGothicStd-Bold.otf
otf-ukgr-v  UniKS-UCS2-V   AdobeGothicStd-Bold.otf
%
% otf cktx (cid)
%
otf-ctmr-h  Identity-H     AdobeMingStd-Light.otf
otf-ctmr-v  Identity-V     AdobeMingStd-Light.otf
otf-ctgr-h  Identity-H     AdobeFanHeitiStd-Bold.otf
otf-ctgr-v  Identity-V     AdobeFanHeitiStd-Bold.otf
otf-ccmr-h  Identity-H     AdobeSongStd-Light.otf
otf-ccmr-v  Identity-V     AdobeSongStd-Light.otf
otf-ccgr-h  Identity-H     AdobeHeitiStd-Regular.otf
otf-ccgr-v  Identity-V     AdobeHeitiStd-Regular.otf
otf-ckmr-h  Identity-H     AdobeMyungjoStd-Medium.otf
otf-ckmr-v  Identity-V     AdobeMyungjoStd-Medium.otf
otf-ckgr-h  Identity-H     AdobeGothicStd-Bold.otf
otf-ckgr-v  Identity-V     AdobeGothicStd-Bold.otf
%
% uptex cktx
%
upmsl-h     UniCNS-UTF16-H AdobeMingStd-Light.otf
upmsl-v     UniCNS-UTF16-V AdobeMingStd-Light.otf
upmhm-h     UniCNS-UTF16-H AdobeFanHeitiStd-Bold.otf
upmhm-v     UniCNS-UTF16-V AdobeFanHeitiStd-Bold.otf
upstsl-h    UniGB-UTF16-H  AdobeSongStd-Light.otf
upstsl-v    UniGB-UTF16-V  AdobeSongStd-Light.otf
upstht-h    UniGB-UTF16-H  AdobeHeitiStd-Regular.otf
upstht-v    UniGB-UTF16-V  AdobeHeitiStd-Regular.otf
uphysmjm-h  UniKS-UTF16-H  AdobeMyungjoStd-Medium.otf
uphysmjm-v  UniKS-UTF16-V  AdobeMyungjoStd-Medium.otf
uphygt-h    UniKS-UTF16-H  AdobeGothicStd-Bold.otf
uphygt-v    UniKS-UTF16-V  AdobeGothicStd-Bold.otf
%
% utf
%
unijmin-h     UniJIS-UTF16-H    KozMinPro-Regular.otf
unijmin-v     UniJIS-UTF16-V    KozMinPro-Regular.otf
unijgoth-h    UniJIS-UTF16-H    KozGoPro-Medium.otf
unijgoth-v    UniJIS-UTF16-V    KozGoPro-Medium.otf

cidmin-h      Identity-H        KozMinPro-Regular.otf
cidmin-v      Identity-V        KozMinPro-Regular.otf
cidgoth-h     Identity-H        KozGoPro-Medium.otf
cidgoth-v     Identity-V        KozGoPro-Medium.otf

hmr           H                 KozMinPro-Regular.otf
hmrv          V                 KozMinPro-Regular.otf
hkb           H                 KozGoPro-Medium.otf
hkbv          V                 KozGoPro-Medium.otf
%
% misc: ttfgid
ugidmin-h   Identity-H ipaexm.ttf/I 
ugidmin-v   Identity-V ipaexm.ttf/I
ugidgoth-h  Identity-H ipaexg.ttf/I
ugidgoth-v  Identity-V ipaexg.ttf/I

gidmin-h   Identity-H ipam.ttf/I 
gidmin-v   Identity-V ipam.ttf/I
gidgoth-h  Identity-H ipag.ttf/I
gidgoth-v  Identity-V ipag.ttf/I
