%
% omegaj
%
msmin00 none msmin00
msmin01 none msmin01
msmin02 none msmin02
msmin03 none msmin03
msmin04 none msmin04
msmin1e none msmin1e
msmin20 none msmin20
msmin21 none msmin21
msmin22 none msmin22
msmin23 none msmin23
msmin24 none msmin24
msmin25 none msmin25
msmin26 none msmin26
msmin27 none msmin27
msmin30 none msmin30
msmin32 none msmin32
msmin33 none msmin33
msmin4e none msmin4e
msmin4f none msmin4f
msmin50 none msmin50
msmin51 none msmin51
msmin52 none msmin52
msmin53 none msmin53
msmin54 none msmin54
msmin55 none msmin55
msmin56 none msmin56
msmin57 none msmin57
msmin58 none msmin58
msmin59 none msmin59
msmin5a none msmin5a
msmin5b none msmin5b
msmin5c none msmin5c
msmin5d none msmin5d
msmin5e none msmin5e
msmin5f none msmin5f
msmin60 none msmin60
msmin61 none msmin61
msmin62 none msmin62
msmin63 none msmin63
msmin64 none msmin64
msmin65 none msmin65
msmin66 none msmin66
msmin67 none msmin67
msmin68 none msmin68
msmin69 none msmin69
msmin6a none msmin6a
msmin6b none msmin6b
msmin6c none msmin6c
msmin6d none msmin6d
msmin6e none msmin6e
msmin6f none msmin6f
msmin70 none msmin70
msmin71 none msmin71
msmin72 none msmin72
msmin73 none msmin73
msmin74 none msmin74
msmin75 none msmin75
msmin76 none msmin76
msmin77 none msmin77
msmin78 none msmin78
msmin79 none msmin79
msmin7a none msmin7a
msmin7b none msmin7b
msmin7c none msmin7c
msmin7d none msmin7d
msmin7e none msmin7e
msmin7f none msmin7f
msmin80 none msmin80
msmin81 none msmin81
msmin82 none msmin82
msmin83 none msmin83
msmin84 none msmin84
msmin85 none msmin85
msmin86 none msmin86
msmin87 none msmin87
msmin88 none msmin88
msmin89 none msmin89
msmin8a none msmin8a
msmin8b none msmin8b
msmin8c none msmin8c
msmin8d none msmin8d
msmin8e none msmin8e
msmin8f none msmin8f
msmin90 none msmin90
msmin91 none msmin91
msmin92 none msmin92
msmin93 none msmin93
msmin94 none msmin94
msmin95 none msmin95
msmin96 none msmin96
msmin97 none msmin97
msmin98 none msmin98
msmin99 none msmin99
msmin9a none msmin9a
msmin9b none msmin9b
msmin9c none msmin9c
msmin9d none msmin9d
msmin9e none msmin9e
msmin9f none msmin9f
msminf0 none msminf0
msminf9 none msminf9
msminfa none msminfa
msminfb none msminfb
msminff none msminff
msgoth00 none  msgoth00
msgoth01 none  msgoth01
msgoth02 none  msgoth02
msgoth03 none  msgoth03
msgoth04 none  msgoth04
msgoth1e none  msgoth1e
msgoth20 none  msgoth20
msgoth21 none  msgoth21
msgoth22 none  msgoth22
msgoth23 none  msgoth23
msgoth24 none  msgoth24
msgoth25 none  msgoth25
msgoth26 none  msgoth26
msgoth27 none  msgoth27
msgoth30 none  msgoth30
msgoth32 none  msgoth32
msgoth33 none  msgoth33
msgoth4e none  msgoth4e
msgoth4f none  msgoth4f
msgoth50 none  msgoth50
msgoth51 none  msgoth51
msgoth52 none  msgoth52
msgoth53 none  msgoth53
msgoth54 none  msgoth54
msgoth55 none  msgoth55
msgoth56 none  msgoth56
msgoth57 none  msgoth57
msgoth58 none  msgoth58
msgoth59 none  msgoth59
msgoth5a none  msgoth5a
msgoth5b none  msgoth5b
msgoth5c none  msgoth5c
msgoth5d none  msgoth5d
msgoth5e none  msgoth5e
msgoth5f none  msgoth5f
msgoth60 none  msgoth60
msgoth61 none  msgoth61
msgoth62 none  msgoth62
msgoth63 none  msgoth63
msgoth64 none  msgoth64
msgoth65 none  msgoth65
msgoth66 none  msgoth66
msgoth67 none  msgoth67
msgoth68 none  msgoth68
msgoth69 none  msgoth69
msgoth6a none  msgoth6a
msgoth6b none  msgoth6b
msgoth6c none  msgoth6c
msgoth6d none  msgoth6d
msgoth6e none  msgoth6e
msgoth6f none  msgoth6f
msgoth70 none  msgoth70
msgoth71 none  msgoth71
msgoth72 none  msgoth72
msgoth73 none  msgoth73
msgoth74 none  msgoth74
msgoth75 none  msgoth75
msgoth76 none  msgoth76
msgoth77 none  msgoth77
msgoth78 none  msgoth78
msgoth79 none  msgoth79
msgoth7a none  msgoth7a
msgoth7b none  msgoth7b
msgoth7c none  msgoth7c
msgoth7d none  msgoth7d
msgoth7e none  msgoth7e
msgoth7f none  msgoth7f
msgoth80 none  msgoth80
msgoth81 none  msgoth81
msgoth82 none  msgoth82
msgoth83 none  msgoth83
msgoth84 none  msgoth84
msgoth85 none  msgoth85
msgoth86 none  msgoth86
msgoth87 none  msgoth87
msgoth88 none  msgoth88
msgoth89 none  msgoth89
msgoth8a none  msgoth8a
msgoth8b none  msgoth8b
msgoth8c none  msgoth8c
msgoth8d none  msgoth8d
msgoth8e none  msgoth8e
msgoth8f none  msgoth8f
msgoth90 none  msgoth90
msgoth91 none  msgoth91
msgoth92 none  msgoth92
msgoth93 none  msgoth93
msgoth94 none  msgoth94
msgoth95 none  msgoth95
msgoth96 none  msgoth96
msgoth97 none  msgoth97
msgoth98 none  msgoth98
msgoth99 none  msgoth99
msgoth9a none  msgoth9a
msgoth9b none  msgoth9b
msgoth9c none  msgoth9c
msgoth9d none  msgoth9d
msgoth9e none  msgoth9e
msgoth9f none  msgoth9f
msgothf0 none  msgothf0
msgothf9 none  msgothf9
msgothfa none  msgothfa
msgothfb none  msgothfb
msgothff none  msgothff
