%
% This is a copy of
% (1) ptex-yu-win.map
% (2) uptex-yu-win.map
% (3) otf-yu-win.map
% (4) otf-up-yu-win.map
% (5) otf-cktx.map
% by Norbert Preining,
% which are in TeX Live
%
% ptex-yu-win.map
%
rml	H	yumin.ttf
rmlv	V	yumin.ttf
gbm	H	yugothic.ttf
gbmv	V	yugothic.ttf
%
% uptex-yu-win.map
%
urml	UniJIS-UTF16-H	yumin.ttf
urmlv	UniJIS-UTF16-V	yumin.ttf
ugbm	UniJIS-UTF16-H	yugothic.ttf
ugbmv	UniJIS-UTF16-V	yugothic.ttf
uprml-h	UniJIS-UTF16-H	yumin.ttf
uprml-v	UniJIS-UTF16-V	yumin.ttf
upgbm-h	UniJIS-UTF16-H	yugothic.ttf
upgbm-v	UniJIS-UTF16-V	yugothic.ttf
uprml-hq	UniJIS-UCS2-H	yumin.ttf
upgbm-hq	UniJIS-UCS2-H	yugothic.ttf
%
% otf-yu-win.map
%
% TEXT, 90JIS
hminl-h	H	yuminl.ttf
hminl-v	V	yuminl.ttf
hminr-h	H	yumin.ttf
hminr-v	V	yumin.ttf
hminb-h	H	yumindb.ttf
hminb-v	V	yumindb.ttf
hgothr-h	H	yugothic.ttf
hgothr-v	V	yugothic.ttf
hgothb-h	H	yugothib.ttf
hgothb-v	V	yugothib.ttf
hgotheb-h	H	yugothib.ttf
hgotheb-v	V	yugothib.ttf
hmgothr-h	H	yugothib.ttf
hmgothr-v	V	yugothib.ttf

% TEXT, JIS04
hminln-h	H	yuminl.ttf
hminln-v	V	yuminl.ttf
hminrn-h	H	yumin.ttf
hminrn-v	V	yumin.ttf
hminbn-h	H	yumindb.ttf
hminbn-v	V	yumindb.ttf
hgothrn-h	H	yugothic.ttf
hgothrn-v	V	yugothic.ttf
hgothbn-h	H	yugothib.ttf
hgothbn-v	V	yugothib.ttf
hgothebn-h	H	yugothib.ttf
hgothebn-v	V	yugothib.ttf
hmgothrn-h	H	yugothib.ttf
hmgothrn-v	V	yugothib.ttf

% CID
otf-cjml-h	Identity-H	yuminl.ttf/AJ1
otf-cjml-v	Identity-V	yuminl.ttf/AJ1
otf-cjmr-h	Identity-H	yumin.ttf/AJ1
otf-cjmr-v	Identity-V	yumin.ttf/AJ1
otf-cjmb-h	Identity-H	yumindb.ttf/AJ1
otf-cjmb-v	Identity-V	yumindb.ttf/AJ1
otf-cjgr-h	Identity-H	yugothic.ttf/AJ1
otf-cjgr-v	Identity-V	yugothic.ttf/AJ1
otf-cjgb-h	Identity-H	yugothib.ttf/AJ1
otf-cjgb-v	Identity-V	yugothib.ttf/AJ1
otf-cjge-h	Identity-H	yugothib.ttf/AJ1
otf-cjge-v	Identity-V	yugothib.ttf/AJ1
otf-cjmgr-h	Identity-H	yugothib.ttf/AJ1
otf-cjmgr-v	Identity-V	yugothib.ttf/AJ1

% Unicode 90JIS
otf-ujml-h	UniJIS-UTF16-H	yuminl.ttf
otf-ujml-v	UniJIS-UTF16-V	yuminl.ttf
otf-ujmr-h	UniJIS-UTF16-H	yumin.ttf
otf-ujmr-v	UniJIS-UTF16-V	yumin.ttf
otf-ujmb-h	UniJIS-UTF16-H	yumindb.ttf
otf-ujmb-v	UniJIS-UTF16-V	yumindb.ttf
otf-ujgr-h	UniJIS-UTF16-H	yugothic.ttf
otf-ujgr-v	UniJIS-UTF16-V	yugothic.ttf
otf-ujgb-h	UniJIS-UTF16-H	yugothib.ttf
otf-ujgb-v	UniJIS-UTF16-V	yugothib.ttf
otf-ujge-h	UniJIS-UTF16-H	yugothib.ttf
otf-ujge-v	UniJIS-UTF16-V	yugothib.ttf
otf-ujmgr-h	UniJIS-UTF16-H	yugothib.ttf
otf-ujmgr-v	UniJIS-UTF16-V	yugothib.ttf

% Unicode JIS04
otf-ujmln-h	UniJIS2004-UTF16-H	yuminl.ttf
otf-ujmln-v	UniJIS2004-UTF16-V	yuminl.ttf
otf-ujmrn-h	UniJIS2004-UTF16-H	yumin.ttf
otf-ujmrn-v	UniJIS2004-UTF16-V	yumin.ttf
otf-ujmbn-h	UniJIS2004-UTF16-H	yumindb.ttf
otf-ujmbn-v	UniJIS2004-UTF16-V	yumindb.ttf
otf-ujgrn-h	UniJIS2004-UTF16-H	yugothic.ttf
otf-ujgrn-v	UniJIS2004-UTF16-V	yugothic.ttf
otf-ujgbn-h	UniJIS2004-UTF16-H	yugothib.ttf
otf-ujgbn-v	UniJIS2004-UTF16-V	yugothib.ttf
otf-ujgen-h	UniJIS2004-UTF16-H	yugothib.ttf
otf-ujgen-v	UniJIS2004-UTF16-V	yugothib.ttf
otf-ujmgrn-h	UniJIS2004-UTF16-H	yugothib.ttf
otf-ujmgrn-v	UniJIS2004-UTF16-V	yugothib.ttf
%
% otf-up-yu-win.map
%
% TEXT, 90JIS
uphminl-h	UniJIS-UTF16-H	yuminl.ttf
uphminl-v	UniJIS-UTF16-V	yuminl.ttf
uphminr-h	UniJIS-UTF16-H	yumin.ttf
uphminr-v	UniJIS-UTF16-V	yumin.ttf
uphminb-h	UniJIS-UTF16-H	yumindb.ttf
uphminb-v	UniJIS-UTF16-V	yumindb.ttf
uphgothr-h	UniJIS-UTF16-H	yugothic.ttf
uphgothr-v	UniJIS-UTF16-V	yugothic.ttf
uphgothb-h	UniJIS-UTF16-H	yugothib.ttf
uphgothb-v	UniJIS-UTF16-V	yugothib.ttf
uphgotheb-h	UniJIS-UTF16-H	yugothib.ttf
uphgotheb-v	UniJIS-UTF16-V	yugothib.ttf
uphmgothr-h	UniJIS-UTF16-H	yugothib.ttf
uphmgothr-v	UniJIS-UTF16-V	yugothib.ttf

% TEXT, JIS04
uphminln-h	UniJIS2004-UTF16-H	yuminl.ttf
uphminln-v	UniJIS2004-UTF16-V	yuminl.ttf
uphminrn-h	UniJIS2004-UTF16-H	yumin.ttf
uphminrn-v	UniJIS2004-UTF16-V	yumin.ttf
uphminbn-h	UniJIS2004-UTF16-H	yumindb.ttf
uphminbn-v	UniJIS2004-UTF16-V	yumindb.ttf
uphgothrn-h	UniJIS2004-UTF16-H	yugothic.ttf
uphgothrn-v	UniJIS2004-UTF16-V	yugothic.ttf
uphgothbn-h	UniJIS2004-UTF16-H	yugothib.ttf
uphgothbn-v	UniJIS2004-UTF16-V	yugothib.ttf
uphgothebn-h	UniJIS2004-UTF16-H	yugothib.ttf
uphgothebn-v	UniJIS2004-UTF16-V	yugothib.ttf
uphmgothrn-h	UniJIS2004-UTF16-H	yugothib.ttf
uphmgothrn-v	UniJIS2004-UTF16-V	yugothib.ttf
%
% otf cktx
%
otf-utmr-h  UniCNS-UTF16-H HaranoAjiMinchoTW-Regular.otf
otf-utmr-v  UniCNS-UTF16-V HaranoAjiMinchoTW-Regular.otf
otf-utgr-h  UniCNS-UTF16-H HaranoAjiGothicTW-Regular.otf
otf-utgr-v  UniCNS-UTF16-V HaranoAjiGothicTW-Regular.otf
otf-utmb-h  UniCNS-UTF16-H HaranoAjiMinchoTW-Bold.otf
otf-utmb-v  UniCNS-UTF16-V HaranoAjiMinchoTW-Bold.otf
otf-utml-h  UniCNS-UTF16-H HaranoAjiMinchoTW-Light.otf
otf-utml-v  UniCNS-UTF16-V HaranoAjiMinchoTW-Light.otf
otf-utgb-h  UniCNS-UTF16-H HaranoAjiGothicTW-Medium.otf
otf-utgb-v  UniCNS-UTF16-V HaranoAjiGothicTW-Medium.otf
otf-utge-h  UniCNS-UTF16-H HaranoAjiGothicTW-Bold.otf
otf-utge-v  UniCNS-UTF16-V HaranoAjiGothicTW-Bold.otf
otf-utmgr-h UniCNS-UTF16-H HaranoAjiGothicTW-Heavy.otf
otf-utmgr-v UniCNS-UTF16-V HaranoAjiGothicTW-Heavy.otf
otf-ucmr-h  UniGB-UTF16-H  HaranoAjiMinchoCN-Regular.otf
otf-ucmr-v  UniGB-UTF16-V  HaranoAjiMinchoCN-Regular.otf
otf-ucgr-h  UniGB-UTF16-H  HaranoAjiGothicCN-Regular.otf
otf-ucgr-v  UniGB-UTF16-V  HaranoAjiGothicCN-Regular.otf
otf-ucmb-h  UniGB-UTF16-H  HaranoAjiMinchoCN-Bold.otf
otf-ucmb-v  UniGB-UTF16-V  HaranoAjiMinchoCN-Bold.otf
otf-ucml-h  UniGB-UTF16-H  HaranoAjiMinchoCN-Light.otf
otf-ucml-v  UniGB-UTF16-V  HaranoAjiMinchoCN-Light.otf
otf-ucgb-h  UniGB-UTF16-H  HaranoAjiGothicCN-Medium.otf
otf-ucgb-v  UniGB-UTF16-V  HaranoAjiGothicCN-Medium.otf
otf-ucge-h  UniGB-UTF16-H  HaranoAjiGothicCN-Bold.otf
otf-ucge-v  UniGB-UTF16-V  HaranoAjiGothicCN-Bold.otf
otf-ucmgr-h UniGB-UTF16-H  HaranoAjiGothicCN-Heavy.otf
otf-ucmgr-v UniGB-UTF16-V  HaranoAjiGothicCN-Heavy.otf
otf-ukmr-h  UniKS-UTF16-H  HaranoAjiMinchoK1-Regular.otf
otf-ukmr-v  UniKS-UTF16-V  HaranoAjiMinchoK1-Regular.otf
otf-ukgr-h  UniKS-UTF16-H  HaranoAjiGothicK1-Regular.otf
otf-ukgr-v  UniKS-UTF16-V  HaranoAjiGothicK1-Regular.otf
otf-ukmb-h  UniKS-UTF16-H  HaranoAjiMinchoK1-Bold.otf
otf-ukmb-v  UniKS-UTF16-V  HaranoAjiMinchoK1-Bold.otf
otf-ukml-h  UniKS-UTF16-H  HaranoAjiMinchoK1-Light.otf
otf-ukml-v  UniKS-UTF16-V  HaranoAjiMinchoK1-Light.otf
otf-ukgb-h  UniKS-UTF16-H  HaranoAjiGothicK1-Medium.otf
otf-ukgb-v  UniKS-UTF16-V  HaranoAjiGothicK1-Medium.otf
otf-ukge-h  UniKS-UTF16-H  HaranoAjiGothicK1-Bold.otf
otf-ukge-v  UniKS-UTF16-V  HaranoAjiGothicK1-Bold.otf
otf-ukmgr-h UniKS-UTF16-H  HaranoAjiGothicK1-Heavy.otf
otf-ukmgr-v UniKS-UTF16-V  HaranoAjiGothicK1-Heavy.otf
%
% otf cktx (cid)
%
otf-ctmr-h  Identity-H     HaranoAjiMinchoTW-Regular.otf
otf-ctmr-v  Identity-V     HaranoAjiMinchoTW-Regular.otf
otf-ctgr-h  Identity-H     HaranoAjiGothicTW-Regular.otf
otf-ctgr-v  Identity-V     HaranoAjiGothicTW-Regular.otf
otf-ccmr-h  Identity-H     HaranoAjiMinchoCN-Regular.otf
otf-ccmr-v  Identity-V     HaranoAjiMinchoCN-Regular.otf
otf-ccgr-h  Identity-H     HaranoAjiGothicCN-Regular.otf
otf-ccgr-v  Identity-V     HaranoAjiGothicCN-Regular.otf
otf-ckmr-h  Identity-H     HaranoAjiMinchoK1-Regular.otf
otf-ckmr-v  Identity-V     HaranoAjiMinchoK1-Regular.otf
otf-ckgr-h  Identity-H     HaranoAjiGothicK1-Regular.otf
otf-ckgr-v  Identity-V     HaranoAjiGothicK1-Regular.otf
%
% uptex cktx
%
upmsl-h     UniCNS-UTF16-H HaranoAjiMinchoTW-Regular.otf
upmsl-v     UniCNS-UTF16-V HaranoAjiMinchoTW-Regular.otf
upmhm-h     UniCNS-UTF16-H HaranoAjiGothicTW-Regular.otf
upmhm-v     UniCNS-UTF16-V HaranoAjiGothicTW-Regular.otf
upstsl-h    UniGB-UTF16-H  HaranoAjiMinchoCN-Regular.otf
upstsl-v    UniGB-UTF16-V  HaranoAjiMinchoCN-Regular.otf
upstht-h    UniGB-UTF16-H  HaranoAjiGothicCN-Regular.otf
upstht-v    UniGB-UTF16-V  HaranoAjiGothicCN-Regular.otf
uphysmjm-h  UniKS-UTF16-H  HaranoAjiMinchoK1-Regular.otf
uphysmjm-v  UniKS-UTF16-V  HaranoAjiMinchoK1-Regular.otf
uphygt-h    UniKS-UTF16-H  HaranoAjiGothicK1-Regular.otf
uphygt-v    UniKS-UTF16-V  HaranoAjiGothicK1-Regular.otf
%
% utf
%
unijmin-h     UniJIS-UTF16-H    yumin.ttf
unijmin-v     UniJIS-UTF16-V    yumin.ttf
unijgoth-h    UniJIS-UTF16-H    yugothic.ttf
unijgoth-v    UniJIS-UTF16-V    yugothic.ttf

cidmin-h      Identity-H        yumin.ttf/AJ1
cidmin-v      Identity-V        yumin.ttf/AJ1
cidgoth-h     Identity-H        yugothic/AJ1
cidgoth-v     Identity-V        yugothic/AJ1

hmr           H                 yumin.ttf
hmrv          V                 yumin.ttf
hkb           H                 yugothic.ttf
hkbv          V                 yugothic.ttf
%
% misc: ttfgid
%
ugidmin-h   Identity-H ipaexm.ttf/I 
ugidmin-v   Identity-V ipaexm.ttf/I
ugidgoth-h  Identity-H ipaexg.ttf/I
ugidgoth-v  Identity-V ipaexg.ttf/I

gidmin-h   Identity-H ipam.ttf/I 
gidmin-v   Identity-V ipam.ttf/I
gidgoth-h  Identity-H ipag.ttf/I
gidgoth-v  Identity-V ipag.ttf/I
