% --------------------------------------------------------
% pdfmfnt-base.map
% System map file which is copied to pdfmfnt.map by updmap
% --------------------------------------------------------
%
% cmr
%
cmr10 ot1r -r
cmr12 ot1r -r
cmr17 ot1r -r
cmr6 ot1r -r
cmr7 ot1r -r
cmr8 ot1r -r
cmr9 ot1r -r
% cmr5 is encoded somewhat differently
cmr5 -r
% Bold
cmbx10 ot1r -r
cmbx12 ot1r -r
cmbx5 ot1r -r 
cmbx6 ot1r -r
cmbx7 ot1r -r
cmbx8 ot1r -r
cmbx9 ot1r -r
% Symbol fonts are remapped, but not reencoded
cmex10 -r
cmbsy10 -r
cmsy10 -r
cmsy9 -r
cmsy8 -r
cmsy7 -r
cmsy6 -r
cmsy5 -r
lasy10 -r
lasy9 -r
lasy8 -r
lasy7 -r
lasy6 -r
lasy5 -r
cmbsy7 -r
cmbsy5 -r
euex10 -r
eufm10 -r
eufm7 -r
eufm5 -r
eufb10 -r
eufb7 -r
eufb5 -r
eurb10 -r
eurm10 -r
eurb7 -r
eurm7 -r
eurb5 -r
eurm5 -r
msam10 -r
% Likewise for math italic
cmmi12 -r
cmmi10 -r
cmmib10 -r
cmmib7 -r
cmmib5 -r
cmmi9 -r
cmmi8 -r
cmmi7 -r
cmmi6 -r
cmmi5 -r
% Misc
cmb10 ot1r -r
cmbxsl10 ot1r -r
cmbxti10 ot1alt -r
cmdunh10 ot1r -r
cmff10  ot1alt -r
cmfi10 ot1alt -r
cmfib8 ot1alt -r
cmssbx10 ot1r -r
cmssdc10 ot1r -r
cmssq8 ot1r -r
cmssqi8 ot1r -r
cmu10 ot1alt -r
cmvtt10 ot1r -r
lcmss8 ot1r -r
lcmssb8 ot1r -r
lcmssi8 ot1r -r
% tt fonts
cmtt10 -r
cmtt12 -r
cmtt8 -r
cmtt9 -r
% Italic 
cmti10 ot1alt -r
cmti12 ot1alt -r
cmti7 ot1alt -r
cmti8 ot1alt -r
cmti9 ot1alt -r
% Slanted
cmsl10 ot1r -r
cmsl12 ot1r -r
cmsl8 ot1r -r
cmsl9 ot1r -r
% Roman sans serif
cmss10 ot1r -r
cmss12 ot1r -r
cmss17 ot1r -r
cmss8 ot1r -r
cmss9 ot1r -r
% Sans Serif
cmssi10 ot1r -r
cmssi12 ot1r -r
cmssi17 ot1r -r
cmssi8 ot1r -r
cmssi9 ot1r -r
%
% LaTeX Fonts here too.  They don't
% seem to fit anywhere else.
%
lcirclew10 default lcirclew10 -r
lcircle10 default lcircle10 -r
line10 -r
%
% Required by psnfss2e
%
eurmo10  default  eurm10 -s 0.167 -r
eurbo10  default  eurb10 -s 0.167 -r
rsfs5    default  rsfs5
rsfs7    default  rsfs7
rsfs10   default  rsfs10
%
% tt2001
%
cmbsy6 none  tedbsy6
cmbsy8 none  tedbsy8
cmbsy9 none  tedbsy9
cmex7 none  tedex7
cmex8 none  tedex8
cmex9 none  tedex9
cmmib6 none  tedmib6
cmmib8 none  tedmib8
cmmib9 none  tedmib9
msam6 none  tesam6
msam8 none  tesam8
msam9 none  tesam9
msbm6 none  tesbm6
msbm8 none  tesbm8
msbm9 none  tesbm9
euex7 none  teuex7
euex8 none  teuex8
euex9 none  teuex9
eufb6 none  teufb6
eufb8 none  teufb8
eufb9 none  teufb9
eufm6 none  teufm6
eufm8 none  teufm8
eufm9 none  teufm9
eurb6 none  teurb6
eurb8 none  teurb8
eurb9 none  teurb9
eurm6 none  teurm6
eurm8 none  teurm8
eurm9 none  teurm9
eusb6 none  teusb6
eusb8 none  teusb8
eusb9 none  teusb9
eusm6 none  teusm6
eusm8 none  teusm8
eusm9 none  teusm9
%
% webomints
%
WebOMintsGD none WebOMintsGD
%
% efont
%
esfr8r 8r Efont_Serif
esfb8r 8r Efont_Serif_B
esfri8r 8r Efont_Serif_I
esfbi8r 8r Efont_Serif_BI
esfro8r 8r Efont_Serif -s .167
esfbo8r	8r Efont_Serif_B -s .167
esfar8r 8r Efont_Serif_A
esfab8r 8r Efont_Serif_A_B
esfari8r 8r Efont_Serif_A_I
esfabi8r 8r Efont_Serif_A_BI
esfaro8r 8r Efont_Serif_A -s .167
esfabo8r 8r Efont_Serif_A_B -s .167
%
% Here is Fourier-GUtenberg (math complement for Utopia)
%
fourier-orns default fourier-orns
fourier-alt default fourier-alt
fourier-alt-semi default fourier-alt-semi
fourier-alt-bold default fourier-alt-bold
fourier-alt-black default fourier-alt-black
fourier-alt-ita default fourier-alt-ita
fourier-alt-semiita default fourier-alt-semiita
fourier-alt-boldita default fourier-alt-boldita
fourier-alt-sl default fourier-alt -s .167
fourier-alt-semi-sl default fourier-alt-semi -s .167
fourier-alt-bold-sl default fourier-alt-bold -s .167
fourier-bb default fourier-bb
fourier-mcl default fourier-mcl
fourier-mex default fourier-mex
fourier-ml default fourier-ml
fourier-mlit default fourier-mlit
fourier-mlb default fourier-mlb
fourier-mlitb default fourier-mlitb
fourier-ms default fourier-ms
%%%
futb8r 8r putb8a
futbi8r 8r putbi8a
futbo8r 8r putb8a -s .167
futr8r 8r putr8a
futri8r 8r putri8a
futro8r 8r putr8a -s .167
%
% Euro (currency)
%
pe8r none _2______
pe8b none _2b_____
pe8ri none _2i_____
pe8bi none _2bi____
pe7r none _1______
pe7b none _1b_____
pe7ri none _1i_____
pe7bi none _1bi____
pe9r none _3______
pe9b none _3b_____
pe9ri none _3i_____
pe9bi none _3bi____
%
% kerkis
%
k8r      kerkis     Kerkis
ki8r     kerkis     Kerkis-Italic
ko8r     kerkis     Kerkis -s 0.167
ksc8r    kerkis     Kerkis-SmallCaps
ksco8r   kerkis     Kerkis-SmallCaps -s 0.167
kb8r     kerkis     Kerkis-Bold
kbi8r    kerkis     Kerkis-BoldItalic
kbo8r    kerkis     Kerkis-Bold -s 0.167
kbsc8r   kerkis     Kerkis-BoldSmallCaps
kbsco8r  kerkis     Kerkis-BoldSmallCaps -s 0.167
kbui8r   kerkis     Kerkis-BoldItalic -s -0.168
ksb8r    kerkis     Kerkis-SemiBold
ksbi8r   kerkis     Kerkis-SemiBold-Italic
ksbo8r   kerkis     Kerkis-SemiBold -s 0.167
ksbui8r  kerkis     Kerkis-SemiBold-Italic -s -0.168
kui8r    kerkis     Kerkis-Italic -s -0.168
kcal8r   kerkis     Kerkis-Calligraphic
kmath8r  kmath      Kerkis-Italic
ek8r     kerkisec   Kerkis
eki8r    kerkisec   Kerkis-Italic
eko8r    kerkisec   Kerkis -s 0.167
eksc8r   kerkisecsc Kerkis-SmallCaps
eksco8r  kerkisecsc Kerkis-SmallCaps -s 0.167
ekb8r    kerkisec   Kerkis-Bold
ekbi8r   kerkisec   Kerkis-BoldItalic
ekbo8r   kerkisec   Kerkis-Bold -s 0.167
ekbsc8r  kerkisec   Kerkis-BoldSmallCaps
ekbsco8r kerkisec   Kerkis-BoldSmallCaps -s 0.167
ekbui8r  kerkisec   Kerkis-BoldItalic -s -0.168
eksb8r   kerkisec   Kerkis-SemiBold
eksbi8r  kerkisec   Kerkis-SemiBold-Italic
eksbo8r  kerkisec   Kerkis-SemiBold -s 0.167
eksbui8r kerkisec   Kerkis-SemiBoldItalic -s -0.168
ekui8r   kerkisec   Kerkis-Italic -s -0.168
ekcal8r  kerkisec   Kerkis-Calligraphic
gk7a     gpkerkis   Kerkis
gki7a    gpkerkis   Kerkis-Italic
gko7a    gpkerkis   Kerkis -s 0.167
gksc7a   gpkerkis   Kerkis-SmallCaps
gksco7a  gpkerkis   Kerkis-SmallCaps -s 0.167
gkb7a    gpkerkis   Kerkis-Bold
gkbi7a   gpkerkis   Kerkis-BoldItalic
gkbo7a   gpkerkis   Kerkis-Bold -s 0.167
gkbsc8r  gpkerkis   Kerkis-BoldSmallCaps
gkbsco8r gpkerkis   Kerkis-BoldSmallCaps -s 0.167
gkbui7a  gpkerkis   Kerkis-BoldItalic -s -0.168
gksb7a   gpkerkis   Kerkis-SemiBold
gksbi7a  gpkerkis   Kerkis-SemiBold-Italic
gksbo7a  gpkerkis   Kerkis-SemiBold -s 0.167
gksbui7a gpkerkis   Kerkis-SemiBold-Italic -s -0.168
gkui7a   gpkerkis   Kerkis-Italic -s -0.168
gkcal7a  gpkerkis   Kerkis-Calligraphic
ktsy8r   kmsym      ktsy
ksf8a    kerkis     KerkisSans
ksfi8a   kerkis     KerkisSans-Italic
ksfsc8a  kerkis     KerkisSans-SmallCaps
ksfb8a   kerkis     KerkisSans-Bold
ksfbi8a  kerkis     KerkisSans-BoldItalic
eksf8a   kerkisec   KerkisSans
eksfi8a  kerkisec   KerkisSans-Italic
eksfsc8a kerkisec   KerkisSans-SmallCaps
eksfb8a  kerkisec   KerkisSans-Bold
eksfbi8a kerkisec   KerkisSans-BoldItalic
gksf7a   gpkerkis   KerkisSans
gksfi7a  gpkerkis   KerkisSans-Italic
gksfsc7a gpkerkis   KerkisSans-SmallCaps
gksfb7a  gpkerkis   KerkisSans-Bold
gksfbi7a gpkerkis   KerkisSans-BoldItalic
%
% lucidaso.map
%
hlsr6w none hlsr6w
hlsr80 none hlsr80
hlsr81 none hlsr81
hlsro6w nonoe hlsro6w
hlsro80 none hlsro80
hlsro81 none hlsro81
hlsd6w none hlsd6w
hlsd80 none hlsd80
hlsd81 none hlsd81
hlsdo6w none hlsdo6w
hlsdo80 none hlsdo80
hlsdo81 none hlsdo81
hlcrt6w none hlcrt6w
hlcrt80 none hlcrt80
hlcrt81 none hlcrt81
hlcrot6w none hlcrot6w
hlcrot80 none hlcrot80
hlcrot81 none hlcrot81
hlcbt6w none hlcbt6w
hlcbt80 none hlcbt80
hlcbt81 none hlcbt81
hlcbot6w none hlcbot6w
hlcbot80 none hlcbot80
hlcbot81 nonoe hlcbot81
hlhr80 none hlhr80
hlhr81 none hlhr81
hlhro80 none hlhr80 -s 0.194
hlhro81 none hlhr81 -s 0.194
hlhri80 none hlhri80
hlhri81 none hlhri81
hlhru80 none hlhri80 -s -0.194
hlhru81 none hlhri81 -s -0.194
hlhd80 none hlhd80
hlhd81 none hlhd81
hlhdo80 none hlhd80 -s 0.194
hlhdo81 none hlhd81 -s 0.194
hlhdi80 none hlhdi80
hlhdi81 none hlhdi81
hlhdu80 none hlhdi80 -s -0.194
hlhdu81 none hlhdi81 -s -0.194
%
% urw names
%
uaqr8r   8r  uaqrrc
uaqro8r  8r  uaqrrc  -s .167
ugqb8r   8r  ugqb
ugqbo8r  8r  ugqb    -s .167
unmr8r   8r  unmr
unmro8r  8r  unmr    -s .167
unmrs8r  8r  unmrs
unmros8r 8r  unmrs   -s .167
uagr8r   8r  uagr8a
uagri8r  8r  uagri8a
uagk8r   8r  uagk8a
uagko8r  8r  uagko8a
uagb8r   8r  uagb8a
uagbi8r  8r  uagbi8a
uagd8r   8r  uagd8a
uagdo8r  8r  uagdo8a
uagro8r  8r  uagr8a   -s .167
uagbo8r  8r  uagb8a   -s .167
ubkr8r   8r  ubkr8a
ubkri8r  8r  ubkri8a
ubkb8r   8r  ubkb8a
ubkbi8r  8r  ubkbi8a
ubkd8r   8r  ubkd8a
ubkdi8r  8r  ubkdi8a
ubkl8r   8r  ubkl8a
ubkli8r  8r  ubkli8a
ubkro8r  8r  ubkr8a   -s .167
ubkbo8r  8r  ubkb8a   -s .167
ubkdo8r  8r  ubkd8a   -s .167
ubklo8r  8r  ubkl8a   -s .167
ucrr8r   8r  ucrr8a
ucrro8r  8r  ucrro8a
ucrb8r   8r  ucrb8a
ucrbo8r  8r  ucrbo8a
ugqb8r   8r  ugqb8a
ugqbo8r  8r  ugqb8a   -s .167
uhvr8r   8r  uhvr8a
uhvro8r  8r  uhvro8a
uhvri8r  8r  uhvri8a
uhvr8rn  8r  uhvr8a
uhvro8rn 8r  uhvro8a
uhvri8rn 8r  uhvri8a
uhvb8r   8r  uhvb8a
uhvbo8r  8r  uhvbo8a
uhvbi8r  8r  uhvbi8a
uhvb8rn  8r  uhvb8a
uhvbo8rn 8r  uhvbo8a
uhvro8rn 8r  uhvr8an   -s .167
uhvbo8rn 8r  uhvb8an   -s .167
uncr8r   8r  uncr8a
uncri8r  8r  uncri8a
uncb8r   8r  uncb8a
uncbi8r  8r  uncbi8a
uncro8r  8r  uncr8a    -s .167
uncbo8r  8r  uncb8a    -s .167
uplr8r   8r  uplr8a
uplri8r  8r  uplri8a
uplb8r   8r  uplb8a
uplbi8r  8r  uplbi8a
uplro8r  8r  uplr8a    -s .167
uplbo8r  8r  uplb8a    -s .167
usyr     none usyr
utmr8r   8r  utmr8a
utmri8r  8r  utmri8a
utmb8r   8r  utmb8a
utmbi8r  8r  utmbi8a
utmro8r  8r  utmr8a    -s .167
utmbo8r  8r  utmb8a    -s .167
uzcmi8r  8r  uzcmi8a
uzdr     none uzdr
%
% txfonts
%
% TX Text
rtxr none rtxr
rtxsl none rtxr -s 0.167
rtxi none rtxi
rtxsc none rtxsc
rtxb none rtxb
rtxbsl none rtxb -s 0.167
rtxbi none rtxbi
rtxbsc none rtxbsc
rtcxb none rtcxb
rtcxbsl none rtcxb -s 0.167
rtcxbi none rtcxbi
rtcxi none rtcxi
rtcxr none rtcxr
rtcxsl none rtcxr -s 0.167
% TX Math
rtxbmi none rtxbmi
rtxmi none rtxmi
txbex none txbex
txbexa none txbexa
txbmia none txbmia
txbsy none txbsy
txbsya none txbsya
txbsyb none txbsyb
txbsyc none txbsyc
txex none txex
txexa none txexa
txmia none txmia
txsy none txsy
txsya none txsya
txsyb none txsyb
txsyc none txsyc
% TX TT Text
txtt none txtt
txttsl none txtt -s 0.167
txttsc none txttsc
txbtt none txbtt
txbttsl none txbtt -s 0.167
txbttsc none txbttsc
t1xtt none t1xtt
t1xttsl none t1xtt -s 0.167
t1xttsc none t1xttsc
t1xbtt none t1xbtt
t1xbttsl none t1xbtt -s 0.167
t1xbttsc none t1xbttsc
tcxtt none tcxtt
tcxttsl none tcxtt -s 0.167
tcxbtt none tcxbtt
tcxbttsl none tcxbtt -s 0.167
% TX SS Text
rtxss none rtxss
rtxsssl none rtxss -s 0.167
rtxsssc none rtxsssc
rtxbss none rtxbss
rtxbsssl none rtxbss -s 0.167
rtxbsssc none rtxbsssc
rtcxss none rtcxss
rtcxbss none rtcxbss
rtcxsssl none rtcxss -s 0.167
rtcxbsso none rtcxbss -s 0.167
%
% pxfonts
%
rpxpplb tx8r uplb8a
rpxpplbo tx8r uplb8a -s 0.167
rpxpplbi tx8r uplbi8a
rpxpplr tx8r uplr8a
rpxpplro tx8r uplr8a -s 0.167
rpxpplri tx8r uplri8a
% PX Text
rpxr none rpxr
rpxsl none rpxr -s 0.167
rpxi none rpxi
rpxsc none rpxsc
rpxb none rpxb
rpxbsl none rpxb -s 0.167
rpxbi none rpxbi
rpxbsc none rpxbsc
rpcxb none rpcxb
rpcxbsl none rpcxb -s .167
rpcxbi none rpcxbi
rpcxi none rpcxi
rpcxr none rpcxr
rpcxsl none rpcxr -s .167
% PX Math
rpxbmi none rpxbmi
rpxmi none rpxmi
pxbex none pxbex
pxbexa none pxbexa
pxbmia none pxbmia
pxbsy none pxbsy
pxbsya none pxbsya
pxbsyb none pxbsyb
pxbsyc none pxbsyc
pxex none pxex
pxexa none pxexa
pxmia none pxmia
pxsy none pxsy
pxsya none pxsya
pxsyb none pxsyb
pxsyc none pxsyc
%
% mathpazo
%
fplmr none fplmr
fplmri none fplmri
fplmb none fplmb
fplmbi none fplmbi
fplmbb none fplmbb
%
% ascgrp. 
%
ascgrp none ascgrp
ascii10 none ascii10
ascii36 none ascii36
%
% musixtex
%
musix11 default musix11
musix13 default musix13  
musix16 default musix16  
musix20 default musix20  
musix24 default musix24  
musix29 default musix29
musixsps default musixsps
musixspx default musixspx
xgreg11 default xgreg11
xgreg13 default xgreg13
xgreg16 default xgreg16
xgreg20 default xgreg20
xgreg24 default xgreg24
xgreg29 default xgreg29
xsld11 default xsld11
xsld11d default xsld11d
xsld13 default xsld13
xsld13d default xsld13d
xsld16 default xsld16
xsld16d default xsld16d
xsld20 default xsld20
xsld20d default xsld20d
xsld24 default xsld24
xsld24d default xsld24d
xsld29 default xsld29
xsld29d default xsld29d
xsldd20 default xsldd20
xsldu20 default xsldu20
xslhd11 default xslhd11
xslhd11d default xslhd11d
xslhd13 default xslhd13
xslhd13d default xslhd13d
xslhd16 default xslhd16
xslhd16d default xslhd16d
xslhd20 default xslhd20
xslhd20d default xslhd20d
xslhd24 default xslhd24
xslhd24d default xslhd24d
xslhd29 default xslhd29
xslhd29d default xslhd29d
xslhu11 default xslhu11
xslhu11d default xslhu11d
xslhu13 default xslhu13
xslhu13d default xslhu13d
xslhu16 default xslhu16
xslhu16d default xslhu16d
xslhu20 default xslhu20
xslhu20d default xslhu20d
xslhu24 default xslhu24
xslhu24d default xslhu24d
xslhu29 default xslhu29
xslhu29d default xslhu29d
xslhz20 default xslhz20
xslhz20d default xslhz20d
xslu11 default xslu11
xslu11d default xslu11d
xslu13 default xslu13
xslu13d default xslu13d
xslu16 default xslu16
xslu16d default xslu16d
xslu20 default xslu20
xslu20d default xslu20d
xslu24 default xslu24
xslu24d default xslu24d
xslu29 default xslu29
xslu29d default xslu29d
xslud20 default xslud20
xslup20 default xslup20
xslz20 default xslz20
xslz20d default xslz20d
xtie20 default xtie20
%
% mathematica (4.1)
%
Math1          none   Math1
Math1-Bold     none   Math1-Bold
Math2          none   Math2
Math2-Bold     none   Math2-Bold
Math3          none   Math3
Math3-Bold     none   Math3-Bold
Math4          none   Math4
Math4-Bold     none   Math4-Bold
Math5          none   Math5
Math5-Bold     none   Math5-Bold
Math1Mono      none   Math1Mono
Math1Mono-Bold none   Math1Mono-Bold
Math2Mono      none   Math2Mono
Math2Mono-Bold none   Math2Mono-Bold
Math3Mono      none   Math3Mono
Math3Mono-Bold none   Math3Mono-Bold
Math4Mono      none   Math4Mono
Math4Mono-Bold none   Math4Mono-Bold
Math5Mono      none   Math5Mono
Math5Mono-Bold none   Math5Mono-Bold
%
% lw35urw
% 35 STANDARD ADOBE FONTS
%
% New century
%
pncb8r    8r        uncb8a
pncbi8r   8r        uncbi8a
pncr8r    8r        uncr8a
pncri8r   8r        uncri8a
pncbo8r   8r        uncb8a       -s 0.167
pncro8r   8r        uncr8a       -s 0.167
%
% Palatino
%
pplb8r    8r        uplb8a
pplbi8r   8r        uplbi8a
pplr8r    8r        uplr8a
pplri8r   8r        uplri8a
pplbo8r   8r        uplb8a      -s 0.167
pplbu8r   8r        uplbi8a     -s -0.1763
pplr8rn   8r        uplr8a      -e 0.82
pplro8r   8r        uplr8a      -s 0.167
pplrr8re  8r        uplr8a      -e 1.2
pplru8r   8r        uplri8a     -s -0.1763
%
% ZapfChancery
%
pzcmi8r   8r        uzcmi8a
%
%  Bookman
%
pbkd8r	8r	ubkd8a
pbkdi8r 8r	ubkdi8a
pbkl8r	8r	ubkl8a
pbkli8r	8r	ubkli8a
%
pbkdo8r	8r	ubkd8a	-s 0.167
pbklo8r	8r	ubkl8a	-s 0.167
%
% AvantGarde
%
pagd8r	8r	uagd8a
pagdo8r	8r	uagdo8a
pagk8r	8r	uagk8a
pagko8r	8r	uagko8a
%
% t1fonts
%
% Charter
bchb8r 8r bchb8a
bchbi8r 8r bchbi8a
bchr8r 8r bchr8a
bchri8r 8r bchri8a
% Utopia
putb8r 8r putb8a
putbi8r 8r putbi8a
putr8r 8r putr8a
putri8r 8r putri8a
putbo8r 8r putb8a -s 0.167
putro8r 8r putr8a -s 0.167
%
% cm-lgc
%
fcmr8r 8r-mod fcmr8a
fcmri8r 8r-mod fcmri8a
fcmrc8r 8r-mod fcmrc8a
fcmrij8r 8r-mod fcmrij8a
fcmb8r 8r-mod fcmb8a
fcmbi8r 8r-mod fcmbi8a
fcmbc8r 8r-mod fcmbc8a
fcmbij8r 8r-mod fcmbij8a
fcsr8r 8r-mod fcsr8a
fcsro8r 8r-mod fcsro8a
fcsb8r 8r-mod fcsb8a
fcsbo8r 8r-mod fcsbo8a
fctr8r 8r-mod fctr8a
fctri8r 8r-mod fctri8a
fctrc8r 8r-mod fctrc8a
fctrij8r 8r-mod fctrij8a
fcmr6z none fcmr6z
fcmri6z none fcmri6z
fcmrc6z none fcmrc6z
fcmrij6z none fcmrij6z
fcmb6z none fcmb6z
fcmbi6z none fcmbi6z
fcmbc6z none fcmbc6z
fcmbij6z none fcmbij6z
fcsr6z none fcsr6z
fcsro6z none fcsro6z
fcsb6z none fcsb6z
fcsbo6z none fcsbo6z
fctr6z none fctr6z
fctri6z none fctri6z
fctrc6z none fctrc6z
fctrij6z none fctrij6z
fcmr6y none fcmr6y
fcmri6y none fcmri6y
fcmrc6y none fcmrc6y
fcmrij6y none fcmrij6y
fcmb6y none fcmb6y
fcmbi6y none fcmbi6y
fcmbc6y none fcmbc6y
fcmbij6y none fcmbij6y
fcsr6y none fcsr6y
fcsro6y none fcsro6y
fcsb6y none fcsb6y
fcsbo6y none fcsbo6y
fctr6y none fctr6y
fctri6y none fctri6y
fctrc6y none fctrc6y
fctrij6y none fctrij6y
fcmrpg none fcmrpg
fcmripg none fcmripg
fcmrcpg none fcmrcpg
fcmrijpg none fcmrijpg
fcmbpg none fcmbpg
fcmbipg none fcmbipg
fcmbcpg none fcmbcpg
fcmbijpg none fcmbijpg
fcsrpg none fcsrpg
fcsropg none fcsropg
fcsbpg none fcsbpg
fcsbopg none fcsbopg
fctrpg none fctrpg
fctripg none fctripg
fctrcpg none fctrcpg
fctrijpg none fctrijpg
%
% double stroke
%
dsrom12 default dsrom12
dsrom10 default dsrom10
dsrom8 default dsrom8
dsss12 default dsss12
dsss10 default dsss10
dsss8 default dsss8
%
% cmbright
%
cmbr10 default hfbr10
cmbr17 default hfbr17
cmbr8 default hfbr8
cmbr9 default hfbr9
cmbras10 default hfbras10
cmbras8 default hfbras8
cmbras9 default hfbras9
cmbrbs10 default hfbrbs10
cmbrbs8 default hfbrbs8
cmbrbs9 default hfbrbs9
cmbrbx10 default hfbrbx10
cmbrmb10 default hfbrmb10
cmbrmi10 default hfbrmi10
cmbrmi8 default hfbrmi8
cmbrmi9 default hfbrmi9
cmbrsl10 default hfbrsl10
cmbrsl17 default hfbrsl17
cmbrsl8 default hfbrsl8
cmbrsl9 default hfbrsl9
cmbrsy10 default hfbrsy10
cmbrsy8 default hfbrsy8
cmbrsy9 default hfbrsy9
cmsltl10 default hfsltl10
cmtl10 default hftl10
%
% yhmath
%
yrcmex10 default yhcmex
%
% jisxpdfm.map
%
HeiseiMin-W3-G01 none HeiseiMin-W3-G01
HeiseiMin-W3-G02 none HeiseiMin-W3-G02
HeiseiMin-W3-G03 none HeiseiMin-W3-G03
HeiseiMin-W3-G04 none HeiseiMin-W3-G04
HeiseiMin-W3-G05 none HeiseiMin-W3-G05
HeiseiMin-W3-G06 none HeiseiMin-W3-G06
HeiseiMin-W3-G07 none HeiseiMin-W3-G07
HeiseiMin-W3-G08 none HeiseiMin-W3-G08
HeiseiMin-W3-G09 none HeiseiMin-W3-G09
HeiseiMin-W3-G10 none HeiseiMin-W3-G10
HeiseiMin-W3-G11 none HeiseiMin-W3-G11
HeiseiMin-W3-G12 none HeiseiMin-W3-G12
HeiseiMin-W3-G13 none HeiseiMin-W3-G13
HeiseiMin-W3-G14 none HeiseiMin-W3-G14
HeiseiMin-W3-G15 none HeiseiMin-W3-G15
HeiseiMin-W3-G16 none HeiseiMin-W3-G16
HeiseiMin-W3-G17 none HeiseiMin-W3-G17
HeiseiMin-W3-G18 none HeiseiMin-W3-G18
HeiseiMin-W3-G19 none HeiseiMin-W3-G19
HeiseiMin-W3-G20 none HeiseiMin-W3-G20
HeiseiMin-W3-G21 none HeiseiMin-W3-G21
HeiseiMin-W3-G22 none HeiseiMin-W3-G22
HeiseiMin-W3-G23 none HeiseiMin-W3-G23
HeiseiMin-W3-G24 none HeiseiMin-W3-G24
HeiseiMin-W3-G25 none HeiseiMin-W3-G25
HeiseiMin-W3-G26 none HeiseiMin-W3-G26
HeiseiMin-W3-G27 none HeiseiMin-W3-G27
HeiseiMin-W3-G28 none HeiseiMin-W3-G28
HeiseiMin-W3-G29 none HeiseiMin-W3-G29
HeiseiMin-W3-G30 none HeiseiMin-W3-G30
HeiseiMin-W3-G31 none HeiseiMin-W3-G31
HeiseiMin-W3-G34 none HeiseiMin-W3-G34
HeiseiMin-W3-G35 none HeiseiMin-W3-G35
%
% LuxiMono
%
ul9r8r  8r  ul9r8a
ul9b8r  8r  ul9b8a
ul9ro8r 8r  ul9ro8a
ul9bo8r 8r  ul9bo8a
%
% dotlessj
%
uagd8j   dotlessj  uagd8j
uagdo8j  dotlessj  uagdo8j
uagk8j   dotlessj  uagk8j
uagko8j  dotlessj  uagko8j
uaqr8jc  dotlessj  uaqr8jc
ubkd8j   dotlessj  ubkd8j
ubkdi8j  dotlessj  ubkdi8j
ubkl8j   dotlessj  ubkl8j
ubkli8j  dotlessj  ubkli8j
ucrb8j   dotlessj  ucrb8j
ucrbo8j  dotlessj  ucrbo8j
ucrr8j   dotlessj  ucrr8j
ucrro8j  dotlessj  ucrro8j
ugqb8j   dotlessj  ugqb8j
uhvb8j   dotlessj  uhvb8j
uhvb8jc  dotlessj  uhvb8jc
uhvbo8j  dotlessj  uhvbo8j
uhvbo8jc dotlessj  uhvbo8jc
uhvr8j   dotlessj  uhvr8j
uhvr8jc  dotlessj  uhvr8jc
uhvro8j  dotlessj  uhvro8j
uhvro8jc dotlessj  uhvro8jc
uncb8j   dotlessj  uncb8j
uncbi8j  dotlessj  uncbi8j
uncr8j   dotlessj  uncr8j
uncri8j  dotlessj  uncri8j
unmrj    dotlessj  unmrj
unmrsj   dotlessj  unmrsj
uplb8j   dotlessj  uplb8j
uplbi8j  dotlessj  uplbi8j
uplr8j   dotlessj  uplr8j
uplri8j  dotlessj  uplri8j
utmb8j   dotlessj  utmb8j
utmbo8j  dotlessj  utmb8j -s .167
utmbi8j  dotlessj  utmbi8j
utmr8j   dotlessj  utmr8j
utmro8j  dotlessj  utmr8j -s .167
utmri8j  dotlessj  utmri8j
uzcmi8j  dotlessj  uzcmi8j
%
% ttnfss (Y. Otobe)
%
wsyr      symbol   symbol.ttf
wsyro     symbol   symbol.ttf -s .167
wpi313    mtsorts  mtsorts.ttf
wmsdr     webdings webdings.ttf
wmswdr    wingding wingding.ttf
wmswdr2   wingdng2 wingdng2.ttf
wmswdr3   wingdng3 wingdng3.ttf
wingding  wingding wingding.ttf
% wmsmlt
wlcr8r    winansi  lucon.ttf
wlcrih8r  winansi  lhandw.ttf
wlsri8r   winansi  lsansi.ttf
wlsr8r    winansi  l_10646.ttf
% wwmtr8r
wimtsr8r  winansi  matisse_.ttf
witpsr8r  winansi  tempsitc.ttf
wplr8r    winansi  pala.ttf
wplb8r    winansi  palab.ttf
wplbi8r   winansi  palabi.ttf
wplri8r   winansi  palai.ttf
wmcsr8r   winansi  comic.ttf
wmcsb8r   winansi  comicbd.ttf
wmgr8r    winansi  georgia.ttf
wmgb8r    winansi  georgiab.ttf
wmgri8r   winansi  georgiai.ttf
wmgbi8r   winansi  georgiaz.ttf
msssr8r   winansi  micross.ttf
wmssfr8r  winansi  sylfaen.ttf
wthr8r    winansi  tahoma.ttf
wthb8r    winansi  tahomabd.ttf
wtbcr8r   winansi  trebuc.ttf
wtbcb8r   winansi  trebucbd.ttf
wtbcbi8r  winansi  trebucbi.ttf
wtbcri8r  winansi  trebucit.ttf
wvdr8r    winansi  verdana.ttf
wvdb8r    winansi  verdanab.ttf
wvdri8r   winansi  verdanai.ttf
wvdbi8r   winansi  verdanaz.ttf
% wail8rc
wa1r8r    winansi  arial.ttf
wa1b8r    winansi  arialbd.ttf
wa1bi8r   winansi  arialbi.ttf
wa1ri8r   winansi  ariali.ttf
wa1c8r    winansi  ariblk.ttf
waqr8r    winansi  bkant.ttf
wc1r8r    winansi  calist.ttf
wagb8r    winansi  gothicb.ttf
wagbi8r   winansi  gothicbi.ttf
wagr8r    winansi  gothic.ttf
wagri8r   winansi  gothici.ttf
wcrr8r    winansi  cour.ttf
wcrb8r    winansi  courbd.ttf
wcrbi8r   winansi  courbi.ttf
wcrri8r   winansi  couri.ttf
wicr8r    winansi  impact.ttf
% wngb8r
wocrr8r   winansi  ocraext.ttf
wnsr8r    winansi  times.ttf
wnsb8r    winansi  timesbd.ttf
wnsbi8r   winansi  timesbi.ttf
wnsri8r   winansi  timesi.ttf
wcpbs8r   winansi  coprgtb.ttf
wcpls8r   winansi  coprgtl.ttf
%
wlcrc8r   winansi  lucon.ttf
wlcrihc8r winansi  lhandw.ttf
wlsrc8r   winansi  l_10646.ttf
wlsric8r  winansi  lsansi.ttf
% wwmtrc8r
wimtsrc8r winansi  matisse_.ttf
witpsrc8r winansi  tempsitc.ttf
wplrc8r   winansi  pala.ttf
wplbc8r   winansi  palab.ttf
wplbic8r  winansi  palabi.ttf
wplric8r  winansi  palai.ttf
wmcsrc8r  winansi  comic.ttf
wmcsbc8r  winansi  comicbd.ttf
wmgrc8r   winansi  georgia.ttf
wmgbc8r   winansi  georgiab.ttf
wmgric8r  winansi  georgiai.ttf
wmgbic8r  winansi  georgiaz.ttf
msssrc8r  winansi  micross.ttf
wmssfrc8r winansi  sylfaen.ttf
wthrc8r   winansi  tahoma.ttf
wthbc8r   winansi  tahomabd.ttf
wtbcrc8r  winansi  trebuc.ttf
wtbcbc8r  winansi  trebucbd.ttf
wtbcbic8r winansi  trebucbi.ttf
wtbcric8r winansi  trebucit.ttf
wvdrc8r   winansi  verdana.ttf
wvdbc8r   winansi  verdanab.ttf
wvdric8r  winansi  verdanai.ttf
wvdbic8r  winansi  verdanaz.ttf
% wailc8rc
wa1rc8r   winansi  arial.ttf
wa1bc8r   winansi  arialbd.ttf
wa1bic8r  winansi  arialbi.ttf
wa1ric8r  winansi  ariali.ttf
wa1cc8r   winansi  ariblk.ttf
wcrrc8r   winansi  cour.ttf
wcrbc8r   winansi  courbd.ttf
waqrc8r   winansi  bkant.ttf
wc1rc8r   winansi  calist.ttf
wagbc8r   winansi  gothicb.ttf
wagbic8r  winansi  gothicbi.ttf
wagrc8r   winansi  gothic.ttf
wagric8r  winansi  gohticit.ttf
wcrbic8r  winansi  courbi.ttf
wcrric8r  winansi  courit.ttf
wicrc8r   winansi  impact.ttf
% wngbc8r
wocrrc8r  winansi  ocraext.ttf
wnsrc8r   winansi  times.ttf
wnsbc8r   winansi  timesbd.ttf
wnsbic8r  winansi  timesbi.ttf
wnsric8r  winansi  timesi.ttf
wcpbsc8r  winansi  coprgtb.ttf
wcplsc8r  winansi  coprgtl.ttf
% ----------------------------------------------------
% lines after here are automatically written by updmap
% ----------------------------------------------------
