%% FONTMAP: CID-keyed font mapping file for dvipdfmx
%% =================================================
%%
%% Last modified: April 4, 2004
%%
%% FORMAT
%% ------
%%
%%  TFMNAME[@SFDNAME@] ENCNAME [:INDEX:][!]FONTNAME[/CSI][,VARIANT] [OPTIONS]
%%
%%
%% DESCRIPTION
%% -----------
%%
%% 1) TFMNAME[@SFDNAME@]
%%
%%    TFM name is specified in the field TFMNAME without extension (.tfm),
%%    and the subfont definition name in the field SFDNAME without
%%    extension (.sfd). For example, jbtm@UKS@ specifies the TFM names,
%%    jbtm01 - jbtm35, used in the CJK package.
%%
%% 2) ENCNAME
%%
%%    CMap resource name is specified in the field ENCNAME.
%%
%% 3) [:INDEX:][!]FONTNAME[/CSI][,VARIANT]
%%
%%    Font name is specified in the field FONTNAME with or without
%%    extension. The field INDEX is used for TrueType collections (.ttc)
%%    to specify the font index number. The character `!' enables the
%%    no-embedding option. The /CSI option is required for TrueType fonts
%%    when Identity CMap is specified in the ENCNAME. The stylistic variants
%%    (Bold, Italic, BoldItalic) are specified in the filed VARIANT.
%%    See examples below.
%%
%% 4) [OPTIONS]
%%
%%    All options available in the original dvipdfm are also valid here.
%%    The remap option [-r] is simply ignored.

%%
%% Omega Examples
%%

%% Chinese
%% Arphic TrueType fonts as Adobe-{CNS1,GB1} CID-keyed font.
%ombkai UniCNS-UCS2-H bkai00mp
%ombsmi UniCNS-UCS2-H bsmi00lp
%omgkai UniGB-UCS2-H  gkai00mp
%omgbsn UniGB-UCS2-H  gbsn00lp

%%%
%%% Japanese
%%%
%
% ums by virtual fonts
%
unimin    UniJIS-UCS2-H Ryumin-Light
unigoth   UniJIS-UCS2-H GothicBBB-Medium
%
% ums by subfonts
%
msmin@Unicode@    UniJIS-UCS2-H msmincho.ttc
msgoth@Unicode@   UniJIS-UCS2-H msgothic.ttc
%
% for uniomjp.sty
%
omcrml  Identity-H    Ryumin-Light
omcgbm  Identity-H    GothicBBB-Medium
omrml   UniJIS-UCS2-H Ryumin-Light
omgbm   UniJIS-UCS2-H GothicBBB-Medium
omrmlv  UniJIS-UCS2-V Ryumin-Light
omgbmv  UniJIS-UCS2-V GothicBBB-Medium
%
% luaTeX
%
luarml   UniJIS-UCS2-H Ryumin-Light
luagbm   UniJIS-UCS2-H GothicBBB-Medium
luarmlv  UniJIS-UCS2-V Ryumin-Light
luagbmv  UniJIS-UCS2-V GothicBBB-Medium
%
% lambdaj(GT fonts), omegaj, lmj209
%
omsmin  UniJIS-UCS2-H Ryumin-Light
omsgoth UniJIS-UCS2-H GothicBBB-Medium
ugt01   UniJIS-UCS2-H gt200001
ugt02   UniJIS-UCS2-H gt200002
ugt03   UniJIS-UCS2-H gt200003
ugt04   UniJIS-UCS2-H gt200004
ugt05   UniJIS-UCS2-H gt200005
ugt06   UniJIS-UCS2-H gt200006
ugt07   UniJIS-UCS2-H gt200007
ugt08   UniJIS-UCS2-H gt200008
ugt09   UniJIS-UCS2-H gt200009
ugt10   UniJIS-UCS2-H gt200010
ugt11   UniJIS-UCS2-H gt200011

%% Korean
%omgtm  UniKS-UCS2-H  HYGoThic-Medium
%ombtr  UniKS-UCS2-H  batang

%%%
%%% ASCII pTeX Examples
%%%

%
% Ryumin and GothicBBB found in PostScript printers:
%
rml   H Ryumin-Light
gbm   H GothicBBB-Medium
rmlv  V Ryumin-Light
gbmv  V GothicBBB-Medium

nrml  H Ryumin-Light
ngbm  H GothicBBB-Medium

%
% Mojikumi-kata (S. Saito)
%
MJKanji   H KozMinStd-Bold.otf
MJKanji-v V KozMinStd-Bold.otf
MJKata-h  H MojikumiKata-EB.otf
MJKata-v  V MojikumiKata-EB.otf

%
%  Kozuka-Mincho and Kozuka-Gothic by Adobe: (in Illustrator 10)
%
kgo-b    H KozGoStd-Bold.otf
kgo-el   H KozGoStd-ExtraLight.otf
kgo-h    H KozGoStd-Heavy.otf
kgo-l    H KozGoStd-Light.otf
kgo-m    H KozGoStd-Medium.otf
kgo-r    H KozGoStd-Regular.otf
kmin-b   H KozMinStd-Bold.otf
kmin-el  H KozMinStd-ExtraLight.otf
kmin-h   H KozMinStd-Heavy.otf
kmin-l   H KozMinStd-Light.otf
kmin-m   H KozMinStd-Medium.otf
kmin-r   H KozMinStd-Regular.otf
kgo-bv   V KozGoStd-Bold.otf
kgo-elv  V KozGoStd-ExtraLight.otf
kgo-hv   V KozGoStd-Heavy.otf
kgo-lv   V KozGoStd-Light.otf
kgo-mv   V KozGoStd-Medium.otf
kgo-rv   V KozGoStd-Regular.otf
kmin-bv  V KozMinStd-Bold.otf
kmin-elv V KozMinStd-ExtraLight.otf
kmin-hv  V KozMinStd-Heavy.otf
kmin-lv  V KozMinStd-Light.otf
kmin-mv  V KozMinStd-Medium.otf
kmin-rv  V KozMinStd-Regular.otf

%
% GT fonts in gtftex
%
gtf01  H gt200001
gtf02  H gt200002
gtf03  H gt200003
gtf04  H gt200004
gtf05  H gt200005
gtf06  H gt200006
gtf07  H gt200007
gtf08  H gt200008
gtf09  H gt200009
gtf10  H gt200010
gtf11  H gt200011
%
% utf package (embed msmincho and msgothic)  (S. Saito)
%
%unijmin-h   UniJIS-UTF16-H    msmincho.ttc
%unijmin-v   UniJIS-UTF16-V    msmincho.ttc
%unijgoth-h  UniJIS-UTF16-H    msgothic.ttc
%unijgoth-v  UniJIS-UTF16-V    msgothic.ttc

%cidmin-h    Identity-H        msmincho.ttc/AJ1
%cidmin-v    Identity-V        msmincho.ttc/AJ1
%cidgoth-h   Identity-H        msgothic.ttc/AJ1
%cidgoth-v   Identity-V        msgothic.ttc/AJ1

%hmr         H                 msmincho.ttc
%hmrv        V                 msmincho.ttc
%hkb         H                 msgothic.ttc
%hkbv        V                 msgothic.ttc

%
% utf package (no embedding)  (S. Saito)
%
unijmin-h   UniJIS-UTF16-H    Ryumin-Light
unijmin-v   UniJIS-UTF16-V    Ryumin-Light
unijgoth-h  UniJIS-UTF16-H    GothicBBB-Medium
unijgoth-v  UniJIS-UTF16-V    GothicBBB-Medium

cidmin-h    Identity-H        Ryumin-Light
cidmin-v    Identity-V        Ryumin-Light
cidgoth-h   Identity-H        GothicBBB-Medium
cidgoth-v   Identity-V        GothicBBB-Medium

hmr         H                 Ryumin-Light
hmrv        V                 Ryumin-Light
hkb         H                 GothicBBB-Medium
hkbv        V                 GothicBBB-Medium

%
% utf package (Hiragino) (S. Saito)
%
%unijmin-h     UniJIS-UTF16-H    HiraMinPro-W3.otf
%unijmin-v     UniJIS-UTF16-V    HiraMinPro-W3.otf
%unijgoth-h    UniJIS-UTF16-H    HiraKakuPro-W6.otf
%unijgoth-v    UniJIS-UTF16-V    HiraKakuPro-W6.otf

%cidmin-h      Identity-H        HiraMinPro-W3.otf
%cidmin-v      Identity-V        HiraMinPro-W3.otf
%cidgoth-h     Identity-H        HiraKakuPro-W6.otf
%cidgoth-v     Identity-V        HiraKakuPro-W6.otf

%hmr           H                 HiraMinPro-W3.otf
%hmrv          V                 HiraMinPro-W3.otf
%hkb           H                 HiraKakuPro-W6.otf
%hkbv          V                 HiraKakuPro-W6.otf

%
% otf package (Hiragino) (S. Saito)
%
%otf-ujmr-h   UniJIS-UTF16-H     HiraMinPro-W3.otf
%otf-ujmr-v   UniJIS-UTF16-V     HiraMinPro-W3.otf
%otf-cjmr-h   Identity-H         HiraMinPro-W3.otf
%otf-cjmr-v   Identity-V         HiraMinPro-W3.otf
%hminr-h      H                  HiraMinPro-W3.otf
%hminr-v      V                  HiraMinPro-W3.otf

%otf-ujgr-h   UniJIS-UTF16-H     HiraKakuPro-W3.otf
%otf-ujgr-v   UniJIS-UTF16-V     HiraKakuPro-W3.otf
%otf-cjgr-h   Identity-H         HiraKakuPro-W3.otf
%otf-cjgr-v   Identity-V         HiraKakuPro-W3.otf
%hgothr-h     H                  HiraKakuPro-W3.otf
%hgothr-v     V                  HiraKakuPro-W3.otf

%otf-ujmb-h   UniJIS-UTF16-H     HiraMinPro-W6.otf
%otf-ujmb-v   UniJIS-UTF16-V     HiraMinPro-W6.otf
%otf-cjmb-h   Identity-H         HiraMinPro-W6.otf
%otf-cjmb-v   Identity-V         HiraMinPro-W6.otf
%hminb-h      H                  HiraMinPro-W6.otf
%hminb-v      V                  HiraMinPro-W6.otf

%otf-ujgb-h   UniJIS-UTF16-H     HiraKakuPro-W6.otf
%otf-ujgb-v   UniJIS-UTF16-V     HiraKakuPro-W6.otf
%otf-cjgb-h   Identity-H         HiraKakuPro-W6.otf
%otf-cjgb-v   Identity-V         HiraKakuPro-W6.otf
%hgothb-h     H                  HiraKakuPro-W6.otf
%hgothb-v     V                  HiraKakuPro-W6.otf

%otf-ujmgr-h  UniJIS-UTF16-H     HiraMaruPro-W4.otf
%otf-ujmgr-v  UniJIS-UTF16-V     HiraMaruPro-W4.otf
%otf-cjmgr-h  Identity-H         HiraMaruPro-W4.otf
%otf-cjmgr-v  Identity-V         HiraMaruPro-W4.otf
%hmgothr-h    H                  HiraMaruPro-W4.otf
%hmgothr-v    V                  HiraMaruPro-W4.otf

%otf-ukmr-h   UniKS-UCS2-H       HYSMyeongJoStd-Medium-Acro.otf
%otf-ukmr-v   UniKS-UCS2-V       HYSMyeongJoStd-Medium-Acro.otf
%%otf-ukgr-h   UniKS-UCS2-H       HYGoThic-Medium
%%otf-ukgr-v   UniKS-UCS2-V       HYGoThic-Medium

%otf-ucmr-h   UniGB-UCS2-H       STSongStd-Light-Acro.otf
%otf-ucmr-v   UniGB-UCS2-V       STSongStd-Light-Acro.otf
%%otf-ucgr-h   UniGB-UCS2-H       STHeiti-Regular
%%otf-ucgr-v   UniGB-UCS2-V       STHeiti-Regular

%otf-utmr-h   UniCNS-UCS2-H      MSungStd-Light-Acro.otf
%otf-utmr-v   UniCNS-UCS2-V      MSungStd-Light-Acro.otf
%%otf-utgr-h   UniCNS-UCS2-H      MHei-Medium
%%otf-utgr-v   UniCNS-UCS2-V      MHei-Medium

%otf-ckmr-h   Identity-H         HYSMyeongJoStd-Medium-Acro.otf
%otf-ckmr-v   Identity-V         HYSMyeongJoStd-Medium-Acro.otf
%%otf-ckgr-h   Identity-H         HYGoThic-Medium
%%otf-ckgr-v   Identity-V         HYGoThic-Medium

%otf-ccmr-h   Identity-H         STSongStd-Light-Acro.otf
%otf-ccmr-v   Identity-V         STSongStd-Light-Acro.otf
%%otf-ccgr-h   Identity-H         STHeiti-Regular
%%otf-ccgr-v   Identity-V         STHeiti-Regular

%otf-ctmr-h   Identity-H         MSungStd-Light-Acro.otf
%otf-ctmr-v   Identity-V         MSungStd-Light-Acro.otf
%%otf-ctgr-h   Identity-H         MHei-Medium
%%otf-ctgr-v   Identity-V         MHei-Medium

%hgotheb-h    H                  HiraKakuStd-W8.otf
%hgotheb-v    V                  HiraKakuStd-W8.otf
%otf-ujml-h   UniJIS-UTF16-H     HiraMinPro-W2.otf
%otf-ujml-v   UniJIS-UTF16-V     HiraMinPro-W2.otf
%otf-cjml-h   Identity-H         HiraMinPro-W2.otf
%otf-cjml-v   Identity-V         HiraMinPro-W2.otf
%hminl-h      H                  HiraMinPro-W2.otf
%hminl-v      V                  HiraMinPro-W2.otf

%%
%% should be Hiragino
%%
hiramin-w3-h  Identity-H      HiraMinPro-W3.otf
hiramin-w6-h  Identity-H      HiraMinPro-W6.otf
hirakaku-w3-h Identity-H      HiraKakuPro-W3.otf
hirakaku-w6-h Identity-H      HiraKakuPro-W6.otf
hiramaru-w4-h Identity-H      HiraMaruPro-W4.otf
hiramin-w3-v  Identity-V      HiraMinPro-W3.otf
hiramin-w6-v  Identity-V      HiraMinPro-W6.otf
hirakaku-w3-v Identity-V      HiraKakuPro-W3.otf
hirakaku-w6-v Identity-V      HiraKakuPro-W6.otf
hiramaru-w4-v Identity-V      HiraMaruPro-W4.otf

%%
%% otf (using other fonts than Hiragino)
%%
otf-ujmr-h    UniJIS-UTF16-H KozMinPro-Regular-Acro.otf
otf-ujmr-v    UniJIS-UTF16-V KozMinPro-Regular-Acro.otf
otf-cjmr-h    Identity-H     KozMinPro-Regular-Acro.otf
otf-cjmr-v    Identity-V     KozMinPro-Regular-Acro.otf
hminr-h       H              KozMinPro-Regular-Acro.otf
hminr-v       V              KozMinPro-Regular-Acro.otf

otf-ujgr-h    UniJIS-UTF16-H KozGoPro-Medium-acro.otf
otf-ujgr-v    UniJIS-UTF16-V KozGoPro-Medium-acro.otf
otf-cjgr-h    Identity-H     KozGoPro-Medium-acro.otf
otf-cjgr-v    Identity-V     KozGoPro-Medium-acro.otf
hgothr-h      H              KozGoPro-Medium-acro.otf
hgothr-v      V              KozGoPro-Medium-acro.otf

otf-ujmb-h    UniJIS-UTF16-H KozMinStd-Bold.otf
otf-ujmb-v    UniJIS-UTF16-V KozMinStd-Bold.otf
otf-cjmb-h    Identity-H     KozMinStd-Bold.otf
otf-cjmb-v    Identity-V     KozMinStd-Bold.otf
hminb-h       H              KozMinStd-Bold.otf
hminb-v       V              KozMinStd-Bold.otf

otf-ujgb-h    UniJIS-UTF16-H KozGoStd-Bold.otf
otf-ujgb-v    UniJIS-UTF16-V KozGoStd-Bold.otf
otf-cjgb-h    Identity-H     KozGoStd-Bold.otf
otf-cjgb-v    Identity-V     KozGoStd-Bold.otf
hgothb-h      H              KozGoStd-Bold.otf
hgothb-v      V              KozGoStd-Bold.otf

otf-ujmgr-h   UniJIS-UTF16-H KozGoStd-Heavy.otf
otf-ujmgr-v   UniJIS-UTF16-V KozGoStd-Heavy.otf
otf-cjmgr-h   Identity-H     KozGoStd-Heavy.otf
otf-cjmgr-v   Identity-V     KozGoStd-Heavy.otf
hmgothr-h     H              KozGoStd-Heavy.otf
hmgothr-v     V              KozGoStd-Heavy.otf

otf-utmr-h    UniCNS-UTF16-H MSungStd-Light-Acro.otf
otf-utmr-v    UniCNS-UTF16-V MSungStd-Light-Acro.otf
otf-utgr-h    UniCNS-UTF16-H MHei-Medium-Acro.otf
otf-utgr-v    UniCNS-UTF16-V MHei-Medium-Acro.otf
otf-ucmr-h    UniGB-UTF16-H  STSongStd-Light-Acro.otf
otf-ucmr-v    UniGB-UTF16-V  STSongStd-Light-Acro.otf
otf-ucgr-h    UniGB-UTF16-H  STHeiti-Regular.otf
otf-ucgr-v    UniGB-UTF16-V  STHeiti-Regular.otf
otf-ukmr-h    UniKS-UTF16-H  HYSMyeongJoStd-Medium-Acro.otf
otf-ukmr-v    UniKS-UTF16-V  HYSMyeongJoStd-Medium-Acro.otf
otf-ukgr-h    UniKS-UTF16-H  HYGoThic-Medium-Acro.otf
otf-ukgr-v    UniKS-UTF16-V  HYGoThic-Medium-Acro.otf
otf-ckmr-h    Identity-H     HYSMyeongJoStd-Medium-Acro.otf
otf-ckmr-v    Identity-V     HYSMyeongJoStd-Medium-Acro.otf
%otf-ckgr-h   Identity-H     HYGoThic-Medium
%otf-ckgr-v   Identity-V     HYGoThic-Medium
otf-ccmr-h    Identity-H     STSongStd-Light-Acro.otf
otf-ccmr-v    Identity-V     STSongStd-Light-Acro.otf
%otf-ccgr-h   Identity-H     STHeiti-Regular
%otf-ccgr-v   Identity-V     STHeiti-Regular
otf-ctmr-h    Identity-H     MSungStd-Light-Acro.otf
otf-ctmr-v    Identity-V     MSungStd-Light-Acro.otf
%otf-ctgr-h   Identity-H     MHei-Medium
%otf-ctgr-v   Identity-V     MHei-Medium
%
% otfextra
%
hgotheb-h     H              DFHSGothicStd-W9.otf
hgotheb-v     V              DFHSGothicStd-W9.otf
otf-ujml-h    UniJIS-UTF16-H DFHSMinchoStd-W3.otf
otf-ujml-v    UniJIS-UTF16-V DFHSMinchoStd-W3.otf
otf-cjml-h    Identity-H     DFHSMinchoStd-W3.otf
otf-cjml-v    Identity-V     DFHSMinchoStd-W3.otf
hminl-h       H              DFHSMinchoStd-W3.otf
hminl-v       V              DFHSMinchoStd-W3.otf

%%
%% Morisawa (CID)
%%
%% Synthetic font used for futo* family.
%% jun101 not available.
%ryumin-l    H Ryumin-Light
%gtbbb-m     H GothicBBB-Medium
%futomin-b   H Ryumin-Light,Bold
%futogo-b    H GothicBBB-Medium,Bold
%ryumin-l-v  V Ryumin-Light
%gtbbb-m-v   V GothicBBB-Medium
%futomin-b-v V Ryumin-Light,Bold
%futogo-b-v  V GothicBBB-Medium,Bold

%% Morisawa OpenType Basic 7 Family Pack
%%
%ryumin-l     H A-OTF-RyuminPro-Light
%ryumin-l-v   V A-OTF-RyuminPro-Light
%gtbbb-m      H A-OTF-GothicBBBPro-Medium
%gtbbb-m-v    V A-OTF-GothicBBBPro-Medium
%futomin-b    H A-OTF-FutoMinA101Pro-Bold
%futomin-b-v  V A-OTF-FutoMinA101Pro-Bold
%futogo-b     H A-OTF-FutoGoB101Pro-Bold
%futogo-b-v   V A-OTF-FutoGoB101Pro-Bold
%jun101-l     H A-OTF-Jun101Pro-Light
%jun101-l-v   V A-OTF-Jun101Pro-Light

%% MS Mincho/Gothic family
%msmin H msmincho
%msgot H msgothic

%% MS-Mincho with proportional latin and kana:
%msminp H :1:msmincho

%% Hojo-Kanji (JIS X 0212-1990): Adobe-Japan2
%hmin  Hojo-H msmincho
%hminv Hojo-V msmincho

%%
%% CJK-LaTeX/HLaTeX Examples
%%

%% Arphic Public Licence fonts:
%%  AR PL KaitiM, AR PL Mingti2L, AR PL SungtiL

bkai@Big5@  ETen-B5-H  bkai00mp
bsmi@Big5@  ETen-B5-H  bsmi00lp
%bkaiv@Big5@  ETen-B5-V  bkai00mp
%bsmiv@Big5@  ETen-B5-V  bsmi00lp

%% Korean MS-Windows fonts with stylistic variants
%jbtm@UKS@  UniKS-UCS2-H !batang
%jbtmo@UKS@ UniKS-UCS2-H !batang,Italic
%jbtb@UKS@  UniKS-UCS2-H !batang,Bold
%jbtbo@UKS@ UniKS-UCS2-H !batang,BoldItalic

%% Baekmuk fonts (used with HLaTeX package)
%bbtm@KS-HLaTeX@   KSCms-UHC-H  batang
%bbtmo@UKS-HLaTeX@ UniKS-UCS2-H batang -s .167

%% Heisei family comes with Acrobat Asian Font Packs:
%% Not embedded.
%mincho@UJIS@ UniJIS-UCS2-H HeiseiMin-W3-Acro
%gothic@UJIS@ UniJIS-UCS2-H HeiseiKakuGo-W5-Acro

%% Bitstream Cyberbit
%% Available at:
%%  http://ftp.netscape.com/pub/communicator/extras/fonts/windows/ReadMe.htm

%cyberb@Unicode@ unicode cyberbit
%
% upTeX
%
urml		UniJIS-UTF16-H		!Ryumin-Light
urmlv		UniJIS-UTF16-V		!Ryumin-Light
ugbm		UniJIS-UTF16-H		!GothicBBB-Medium
ugbmv		UniJIS-UTF16-V		!GothicBBB-Medium
uhysmjm-h	UniKS-UTF16-H		!HYSMyeongJo-Medium
uhysmjm-v	UniKS-UTF16-V		!HYSMyeongJo-Medium
umsl-h		UniCNS-UTF16-H		!MSung-Light
umsl-v		UniCNS-UTF16-V		!MSung-Light
ustsl-h		UniGB-UTF16-H		!STSong-Light
ustsl-v		UniGB-UTF16-V		!STSong-Light
