% embase14.map
%
% Adobe base 14 fonts are embedded.
% dvipdfm(x) -f embase14.map ... ...
%
% Courier
%
pcrr8r    8r    com_____
pcrb8r    8r    cob_____
pcrro8r   8r    coo_____
pcrbo8r   8r    cobo____
%
pcrr8rn   8r    com_____  -e 0.85
%
% Helvetica
%
phvr8r	  8r    hv______
phvb8r	  8r    hvb_____
phvro8r   8r    hvo_____
phvbo8r   8r    hvbo____
%
%
% Helvetica Narrow
%
phvbon8r  8r    hvbo____  -e 0.82
phvbrn8r  8r    hvb_____  -e 0.82
phvron8r  8r    hvo_____  -e 0.82
phvrrn8r  8r    hv______  -e 0.82
%
phvbo8rn  8r    hvbo____  -e 0.82
phvb8rn   8r    hvb_____  -e 0.82
phvro8rn  8r    hvo_____  -e 0.82
phvr8rn   8r    hv______  -e 0.82
% Symbol
psyr      none  sy______
psyro     none  sy______ -s 0.167
% Raw Symbol
rpsyr     none  sy______
% Times
ptmr8r    8r    tir_____
ptmb8r    8r    tib_____
ptmbi8r   8r    tibi____
ptmri8r   8r    tii_____
% Raw Times
rptmr     none  tir_____
rptmb     none  tib_____
rptmbi    none  tibi____
rptmri    none  tii_____
%
ptmbo8r   8r    tib_____ -s 0.167
ptmro8r   8r    tir_____ -s 0.167
ptmrre8r  8r    tir_____ -e 1.2
ptmrrn8r  8r    tir_____ -e 0.8
% ZapfDingbats
pzdr      none  zd______
%
% txfonts
%
rtxptmb   tx8r  tib_____
rtxptmbo  tx8r  tib_____ -s 0.167
rtxptmbi  tx8r  tibi____
rtxptmr   tx8r  tir_____
rtxptmro  tx8r  tir_____ -s 0.167
rtxptmri  tx8r  tii_____
rtxphvr   tx8r  hv______
rtxphvro  tx8r  hvo_____
rtxphvb   tx8r  hvb_____
rtxphvbo  tx8r  hvbo____
