% psbase14.map
%
% Base 14 fonts are not embedded (default).
%
% Courier
%
pcrr8r    8r    Courier
pcrb8r    8r    Courier-Bold
pcrro8r   8r    Courier-Oblique
pcrbo8r   8r    Courier-BoldOblique
%
pcrr8rn   8r    Courier -e 0.85
%
% Helvetica
%
phvr8r	  8r    Helvetica
phvb8r	  8r    Helvetica-Bold
phvro8r   8r    Helvetica-Oblique
phvbo8r   8r    Helvetica-BoldOblique
%
% Helvetica Narrow
%
phvbon8r  8r    Helvetica-BoldOblique  -e 0.82
phvbrn8r  8r    Helvetica-Bold         -e 0.82
phvron8r  8r    Helvetica-Oblique      -e 0.82
phvrrn8r  8r    Helvetica              -e 0.82
%
phvbo8rn  8r    Helvetica-BoldOblique  -e 0.82
phvb8rn   8r    Helvetica-Bold         -e 0.82
phvro8rn  8r    Helvetica-Oblique      -e 0.82
phvr8rn   8r    Helvetica              -e 0.82
% Symbol
psyr      none  Symbol
psyro     none  Symbol -s 0.167
% Raw Symbol
rpsyr     none  Symbol
% Times
ptmr8r    8r    Times-Roman
ptmb8r    8r    Times-Bold
ptmbi8r   8r    Times-BoldItalic
ptmri8r   8r    Times-Italic
% Raw Times
rptmr     none  Times-Roman
rptmb     none  Times-Bold
rptmbi    none  Times-BoldItalic
rptmri    none  Times-Italic
%
ptmbo8r   8r    Times-Bold -s 0.167
ptmro8r   8r    Times-Roman -s 0.167
ptmrre8r  8r    Times-Roman -e 1.2
ptmrrn8r  8r    Times-Roman -e 0.8
% ZapfDingbats
pzdr      none  ZapfDingbats
%
% txfonts
%
rtxptmb   tx8r  Times-Bold
rtxptmbo  tx8r  Times-Bold -s 0.167
rtxptmbi  tx8r  Times-BoldItalic
rtxptmr   tx8r  Times-Roman
rtxptmro  tx8r  Times-Roman -s 0.167
rtxptmri  tx8r  Times-Italic
rtxphvr   tx8r  Helvetica
rtxphvro  tx8r  Helvetica-Oblique
rtxphvb   tx8r  Helvetica-Bold
rtxphvbo  tx8r  Helvetica-BoldOblique
